\BOOKMARK [0][-]{chapter.1}{\376\377\000I\000n\000t\000r\000o\000d\000u\000z\000i\000o\000n\000e}{}% 1
\BOOKMARK [1][-]{section.1.1}{\376\377\000C\000o\000l\000l\000e\000g\000a\000m\000e\000n\000t\000i\000\040\000e\000\040\000I\000n\000f\000r\000a\000s\000t\000r\000u\000t\000t\000u\000r\000e}{chapter.1}% 2
\BOOKMARK [1][-]{section.1.2}{\376\377\000T\000o\000p\000o\000l\000o\000g\000i\000e\000\040\000e\000\040\000M\000e\000z\000z\000o\000\040\000F\000i\000s\000i\000c\000o\000\040\000d\000i\000\040\000T\000r\000a\000s\000m\000i\000s\000s\000i\000o\000n\000e}{chapter.1}% 3
\BOOKMARK [1][-]{section.1.3}{\376\377\000C\000a\000n\000a\000l\000i\000\040\000d\000i\000\040\000C\000o\000m\000u\000n\000i\000c\000a\000z\000i\000o\000n\000e\000\040\000d\000i\000\040\000R\000e\000t\000e}{chapter.1}% 4
\BOOKMARK [1][-]{section.1.4}{\376\377\000R\000e\000t\000i\000\040\000a\000\040\000C\000o\000m\000m\000u\000t\000a\000z\000i\000o\000n\000e\000\040\000d\000i\000\040\000P\000a\000c\000c\000h\000e\000t\000t\000o}{chapter.1}% 5
\BOOKMARK [1][-]{section.1.5}{\376\377\000A\000r\000c\000h\000i\000t\000e\000t\000t\000u\000r\000a\000\040\000s\000t\000a\000n\000d\000a\000r\000d\000\040\000d\000e\000i\000\040\000p\000r\000o\000t\000o\000c\000o\000l\000l\000i\000\040\000\050\000I\000S\000O\000/\000O\000S\000I\000\051}{chapter.1}% 6
\BOOKMARK [1][-]{section.1.6}{\376\377\000P\000a\000r\000i\000t\000\340\000\040\000i\000n\000c\000r\000o\000c\000i\000a\000t\000a\000\040\000e\000\040\000a\000u\000t\000o\000c\000o\000r\000r\000e\000z\000i\000o\000n\000e}{chapter.1}% 7
\BOOKMARK [1][-]{section.1.7}{\376\377\000D\000i\000g\000r\000e\000s\000s\000i\000o\000n\000e\000\040\000s\000u\000g\000l\000i\000\040\000A\000C\000K\000\040\000e\000\040\000T\000e\000m\000p\000o\000\040\000d\000i\000\040\000T\000r\000a\000s\000m\000i\000s\000s\000i\000o\000n\000e}{chapter.1}% 8
\BOOKMARK [1][-]{section.1.8}{\376\377\000T\000h\000r\000o\000u\000g\000h\000p\000u\000t\000\040\000e\000\040\000U\000t\000i\000l\000i\000z\000z\000o\000\040\000d\000e\000l\000l\000a\000\040\000r\000e\000t\000e}{chapter.1}% 9
\BOOKMARK [0][-]{chapter.2}{\376\377\000A\000p\000p\000r\000o\000f\000o\000n\000d\000i\000m\000e\000n\000t\000i\000\040\000C\000a\000p\000i\000t\000o\000l\000o\000\040\0001\000\040\040\024\000\040\000T\000o\000p\000o\000l\000o\000g\000i\000e\000\040\000e\000\040\000A\000C\000K}{}% 10
\BOOKMARK [1][-]{section.2.1}{\376\377\000A\000C\000K\000:\000\040\000l\000i\000v\000e\000l\000l\000o\000\040\000M\000A\000C\000/\000L\000L\000C\000\040\000v\000s\000\040\000T\000r\000a\000s\000p\000o\000r\000t\000o}{chapter.2}% 11
\BOOKMARK [1][-]{section.2.2}{\376\377\000R\000e\000t\000i\000\040\000d\000i\000\040\000R\000e\000t\000i\000\040\040\024\000\040\000I\000n\000t\000e\000r\000n\000e\000t\000w\000o\000r\000k\000i\000n\000g}{chapter.2}% 12
\BOOKMARK [1][-]{section.2.3}{\376\377\000I\000n\000d\000i\000r\000i\000z\000z\000o\000\040\000I\000P}{chapter.2}% 13
\BOOKMARK [1][-]{section.2.4}{\376\377\000C\000o\000m\000p\000o\000s\000i\000z\000i\000o\000n\000e\000\040\000d\000e\000l\000l\000'\000i\000n\000d\000i\000r\000i\000z\000z\000o\000\040\000I\000P\000v\0004\000\040\000e\000\040\000S\000o\000t\000t\000o\000r\000e\000t\000i}{chapter.2}% 14
\BOOKMARK [1][-]{section.2.5}{\376\377\000S\000u\000b\000n\000e\000t\000t\000i\000n\000g\000\040\000e\000\040\000S\000u\000p\000e\000r\000-\000n\000e\000t\000t\000i\000n\000g}{chapter.2}% 15
\BOOKMARK [1][-]{section.2.6}{\376\377\000P\000r\000o\000t\000o\000c\000o\000l\000l\000o\000\040\000A\000R\000P\000\040\000e\000\040\000R\000A\000R\000P}{chapter.2}% 16
\BOOKMARK [0][-]{chapter.3}{\376\377\000L\000i\000v\000e\000l\000l\000o\000\040\000T\000r\000a\000s\000p\000o\000r\000t\000o\000\040\000\050\000T\000C\000P\000\040\000/\000\040\000U\000D\000P\000\051}{}% 17
\BOOKMARK [1][-]{section.3.1}{\376\377\000C\000o\000n\000t\000r\000o\000l\000l\000o\000\040\000d\000i\000\040\000f\000l\000u\000s\000s\000o\000\040\000e\000\040\000c\000o\000n\000g\000e\000s\000t\000i\000o\000n\000e}{chapter.3}% 18
\BOOKMARK [1][-]{section.3.2}{\376\377\000S\000l\000o\000w\000\040\000S\000t\000a\000r\000t\000\040\000e\000\040\000C\000o\000n\000g\000e\000s\000t\000i\000o\000n\000\040\000A\000v\000o\000i\000d\000a\000n\000c\000e\000.}{chapter.3}% 19
\BOOKMARK [1][-]{section.3.3}{\376\377\000A\000p\000p\000r\000o\000f\000o\000n\000d\000i\000m\000e\000n\000t\000o\000:\000\040\000G\000o\000-\000B\000a\000c\000k\000-\000N\000\040\000v\000s\000\040\000S\000e\000l\000e\000c\000t\000i\000v\000e\000\040\000R\000e\000p\000e\000a\000t}{chapter.3}% 20
\BOOKMARK [1][-]{section.3.4}{\376\377\000A\000p\000p\000r\000o\000f\000o\000n\000d\000i\000m\000e\000n\000t\000o\000:\000\040\000C\000o\000n\000g\000e\000s\000t\000i\000o\000n\000\040\000W\000i\000n\000d\000o\000w\000\040\000\050\000C\000W\000N\000D\000\051\000\040\000i\000d\000e\000a\000l\000e}{chapter.3}% 21
\BOOKMARK [1][-]{section.3.5}{\376\377\000D\000N\000S\000\040\040\024\000\040\000D\000o\000m\000a\000i\000n\000\040\000N\000a\000m\000e\000\040\000S\000e\000r\000v\000e\000r}{chapter.3}% 22
\BOOKMARK [1][-]{section.3.6}{\376\377\000M\000u\000l\000t\000i\000p\000l\000e\000x\000i\000n\000g\000\040\000e\000\040\000D\000e\000m\000u\000l\000t\000i\000p\000l\000e\000x\000i\000n\000g\000\040\000t\000r\000a\000\040\000m\000i\000t\000t\000e\000n\000t\000e\000\040\000e\000\040\000d\000e\000s\000t\000i\000n\000a\000t\000a\000r\000i\000o}{chapter.3}% 23
\BOOKMARK [0][-]{chapter.4}{\376\377\000A\000p\000p\000r\000o\000f\000o\000n\000d\000i\000m\000e\000n\000t\000i\000\040\000C\000a\000p\000i\000t\000o\000l\000o\000\040\0002\000\040\040\024\000\040\000I\000n\000t\000e\000r\000n\000e\000t\000\040\000P\000r\000o\000t\000o\000c\000o\000l\000\040\000\050\000I\000P\000\051}{}% 24
\BOOKMARK [1][-]{section.4.1}{\376\377\000A\000p\000p\000r\000o\000f\000o\000n\000d\000i\000m\000e\000n\000t\000o\000:\000\040\000R\000o\000u\000t\000i\000n\000g\000\040\000L\000i\000n\000k\000\040\000S\000t\000a\000t\000e\000\040\000\050\000D\000i\000j\000k\000s\000t\000r\000a\000\051}{chapter.4}% 25
\BOOKMARK [1][-]{section.4.2}{\376\377\000A\000p\000p\000r\000o\000f\000o\000n\000d\000i\000m\000e\000n\000t\000o\000:\000\040\000D\000i\000s\000t\000a\000n\000c\000e\000\040\000V\000e\000c\000t\000o\000r\000\040\000\050\000B\000e\000l\000l\000m\000a\000n\000-\000F\000o\000r\000d\000\051}{chapter.4}% 26
\BOOKMARK [1][-]{section.4.3}{\376\377\000D\000N\000S\000:\000\040\000s\000e\000r\000v\000e\000r\000\040\000l\000o\000c\000a\000l\000i\000\040\000e\000\040\000r\000o\000o\000t}{chapter.4}% 27
\BOOKMARK [0][-]{chapter.5}{\376\377\000A\000p\000p\000r\000o\000f\000o\000n\000d\000i\000m\000e\000n\000t\000i\000\040\000C\000a\000p\000i\000t\000o\000l\000o\000\040\0003\000\040\040\024\000\040\000S\000o\000c\000k\000e\000t\000\040\000T\000C\000P}{}% 28
\BOOKMARK [1][-]{subsection.5.0.1}{\376\377\000S\000o\000c\000k\000e\000t\000\040\000T\000C\000P\000\040\000c\000l\000i\000e\000n\000t\000-\000s\000e\000r\000v\000e\000r}{chapter.5}% 29
\BOOKMARK [0][-]{chapter.6}{\376\377\000L\000i\000v\000e\000l\000l\000o\000\040\000A\000p\000p\000l\000i\000c\000a\000z\000i\000o\000n\000e}{}% 30
\BOOKMARK [1][-]{section.6.1}{\376\377\000T\000a\000b\000e\000l\000l\000a\000\040\000a\000p\000p\000l\000i\000c\000a\000z\000i\000o\000n\000i\000\040\000e\000\040\000P\000r\000o\000t\000o\000c\000o\000l\000l\000o\000\040\000H\000T\000T\000P}{chapter.6}% 31
\BOOKMARK [1][-]{section.6.2}{\376\377\000P\000r\000o\000x\000y\000\040\000e\000\040\000W\000e\000b\000\040\000C\000a\000c\000h\000e}{chapter.6}% 32
\BOOKMARK [1][-]{section.6.3}{\376\377\000N\000A\000T\000\040\040\024\000\040\000N\000e\000t\000w\000o\000r\000k\000\040\000A\000d\000d\000r\000e\000s\000s\000\040\000T\000r\000a\000n\000s\000l\000a\000t\000o\000r}{chapter.6}% 33
\BOOKMARK [1][-]{section.6.4}{\376\377\000F\000i\000l\000e\000\040\000D\000i\000s\000t\000r\000i\000b\000u\000t\000i\000o\000n\000\040\000S\000y\000s\000t\000e\000m\000\040\000\050\000C\000l\000i\000e\000n\000t\000-\000S\000e\000r\000v\000e\000r\000\040\000v\000s\000\040\000P\0002\000P\000\051}{chapter.6}% 34
\BOOKMARK [1][-]{section.6.5}{\376\377\000D\000A\000S\000H\000,\000\040\000S\000p\000a\000t\000i\000a\000l\000\040\000e\000\040\000T\000e\000m\000p\000o\000r\000a\000l\000\040\000C\000o\000d\000i\000n\000g}{chapter.6}% 35
\BOOKMARK [0][-]{chapter.7}{\376\377\000S\000i\000c\000u\000r\000e\000z\000z\000a\000\040\000i\000n\000\040\000R\000e\000t\000e}{}% 36
\BOOKMARK [1][-]{section.7.1}{\376\377\000C\000r\000i\000t\000t\000o\000g\000r\000a\000f\000i\000a\000:\000\040\000c\000h\000i\000a\000v\000e\000\040\000s\000i\000m\000m\000e\000t\000r\000i\000c\000a\000\040\000e\000\040\000D\000E\000S}{chapter.7}% 37
\BOOKMARK [1][-]{section.7.2}{\376\377\000R\000S\000A}{chapter.7}% 38
\BOOKMARK [1][-]{section.7.3}{\376\377\000C\000e\000r\000t\000i\000f\000i\000c\000a\000t\000i\000o\000n\000\040\000A\000u\000t\000h\000o\000r\000i\000t\000y\000\040\000e\000\040\000C\000e\000r\000t\000i\000f\000i\000c\000a\000t\000i}{chapter.7}% 39
\BOOKMARK [1][-]{section.7.4}{\376\377\000C\000o\000m\000u\000n\000i\000c\000a\000z\000i\000o\000n\000e\000\040\000s\000i\000c\000u\000r\000a\000\040\000e\000\040\000S\000S\000L}{chapter.7}% 40
\BOOKMARK [1][-]{section.7.5}{\376\377\000I\000P\000s\000e\000c}{chapter.7}% 41
\BOOKMARK [1][-]{section.7.6}{\376\377\000F\000i\000r\000e\000w\000a\000l\000l}{chapter.7}% 42
\BOOKMARK [1][-]{section.7.7}{\376\377\000A\000c\000c\000e\000s\000s\000\040\000C\000o\000n\000t\000r\000o\000l\000\040\000L\000i\000s\000t\000\040\000\050\000A\000C\000L\000\051}{chapter.7}% 43
\BOOKMARK [0][-]{chapter.8}{\376\377\000A\000p\000p\000r\000o\000f\000o\000n\000d\000i\000m\000e\000n\000t\000i\000\040\000C\000a\000p\000i\000t\000o\000l\000o\000\040\0004\000\040\040\024\000\040\000C\000r\000i\000t\000t\000o\000g\000r\000a\000f\000i\000a\000\040\000\050\000d\000e\000t\000t\000a\000g\000l\000i\000\051}{}% 44
\BOOKMARK [1][-]{section.8.1}{\376\377\000R\000S\000A\000\040\000\050\000d\000e\000t\000t\000a\000g\000l\000i\000\051\000\040\000e\000\040\000S\000c\000h\000e\000m\000i\000\040\000d\000i\000\040\000s\000c\000a\000m\000b\000i\000o\000\040\000m\000e\000s\000s\000a\000g\000g\000i}{chapter.8}% 45
\BOOKMARK [1][-]{section.8.2}{\376\377\000S\000S\000L\000\040\000\050\000d\000e\000t\000t\000a\000g\000l\000i\000\051}{chapter.8}% 46
\BOOKMARK [0][-]{chapter.9}{\376\377\000N\000e\000t\000w\000o\000r\000k\000\040\000L\000a\000y\000e\000r\000\040\040\024\000\040\000R\000o\000u\000t\000i\000n\000g\000\040\000d\000e\000i\000\040\000R\000o\000u\000t\000e\000r}{}% 47
\BOOKMARK [1][-]{section.9.1}{\376\377\000P\000o\000r\000t\000a\000\040\000d\000i\000\040\000i\000n\000g\000r\000e\000s\000s\000o\000\040\000d\000e\000l\000\040\000r\000o\000u\000t\000e\000r}{chapter.9}% 48
\BOOKMARK [1][-]{section.9.2}{\376\377\000S\000w\000i\000t\000c\000h\000i\000n\000g\000\040\000F\000a\000b\000r\000i\000c}{chapter.9}% 49
\BOOKMARK [1][-]{section.9.3}{\376\377\000S\000c\000h\000e\000d\000u\000l\000i\000n\000g\000\040\000\050\000F\000I\000F\000O\000,\000\040\000P\000r\000i\000o\000r\000i\000t\000y\000\051}{chapter.9}% 50
\BOOKMARK [1][-]{section.9.4}{\376\377\000I\000P\000v\0004\000\040\000d\000a\000t\000a\000g\000r\000a\000m\000\040\000e\000\040\000f\000r\000a\000m\000m\000e\000n\000t\000a\000z\000i\000o\000n\000e}{chapter.9}% 51
\BOOKMARK [0][-]{chapter.10}{\376\377\000R\000e\000t\000i\000\040\000W\000i\000r\000e\000l\000e\000s\000s}{}% 52
\BOOKMARK [1][-]{section.10.1}{\376\377\000P\000o\000l\000a\000r\000i\000z\000z\000a\000z\000i\000o\000n\000e\000\040\000e\000\040\000M\000u\000l\000t\000i\000p\000a\000t\000h\000\040\000P\000r\000o\000p\000a\000g\000a\000t\000i\000o\000n}{chapter.10}% 53
\BOOKMARK [1][-]{section.10.2}{\376\377\000E\000I\000R\000P\000\040\000e\000\040\000I\000R\000\040\000P\000o\000w\000e\000r\000\040\000O\000u\000t\000p\000u\000t}{chapter.10}% 54
\BOOKMARK [1][-]{section.10.3}{\376\377\000D\000e\000c\000i\000b\000e\000l\000\040\000e\000\040\000P\000o\000w\000e\000r\000\040\000D\000i\000f\000f\000e\000r\000e\000n\000c\000e}{chapter.10}% 55
\BOOKMARK [1][-]{section.10.4}{\376\377\000S\000o\000m\000m\000a\000\040\000i\000n\000\040\000d\000B\000m\000\040\000e\000\040\000t\000a\000b\000e\000l\000l\000a\000\040\000d\000B\000m\000-\000m\000W}{chapter.10}% 56
\BOOKMARK [1][-]{section.10.5}{\376\377\000L\000e\000\040\000A\000n\000t\000e\000n\000n\000e\000\040\000\050\000f\000r\000e\000q\000u\000e\000n\000z\000a\000\040\000e\000\040\000l\000u\000n\000g\000h\000e\000z\000z\000a\000\040\000d\000'\000o\000n\000d\000a\000\051}{chapter.10}% 57
\BOOKMARK [1][-]{section.10.6}{\376\377\000A\000n\000t\000e\000n\000n\000e\000\040\000d\000i\000r\000e\000z\000i\000o\000n\000a\000l\000i\000\040\000e\000\040\000l\000i\000n\000e\000a\000\040\000d\000i\000\040\000v\000i\000s\000u\000a\000l\000e}{chapter.10}% 58
\BOOKMARK [1][-]{section.10.7}{\376\377\000A\000n\000t\000e\000n\000n\000e\000\040\000s\000e\000t\000t\000o\000r\000i\000z\000z\000a\000t\000e\000,\000\040\000A\000z\000i\000m\000u\000t\000h\000\040\000e\000d\000\040\000E\000l\000e\000v\000a\000t\000i\000o\000n}{chapter.10}% 59
\BOOKMARK [1][-]{section.10.8}{\376\377\000P\000a\000t\000h\000\040\000L\000o\000s\000s\000\040\000e\000\040\000L\000i\000n\000k\000\040\000B\000u\000d\000g\000e\000t}{chapter.10}% 60
\BOOKMARK [1][-]{section.10.9}{\376\377\000L\000a\000r\000g\000h\000e\000z\000z\000a\000\040\000d\000i\000\040\000B\000a\000n\000d\000a\000\040\000e\000\040\000S\000p\000e\000t\000t\000r\000o}{chapter.10}% 61
\BOOKMARK [1][-]{section.10.10}{\376\377\000F\000r\000e\000q\000u\000e\000n\000c\000y\000\040\000H\000o\000p\000p\000i\000n\000g}{chapter.10}% 62
\BOOKMARK [1][-]{section.10.11}{\376\377\000W\000W\000A\000N\000\040\000e\000\040\000W\000M\000A\000N}{chapter.10}% 63
\BOOKMARK [1][-]{section.10.12}{\376\377\000M\000u\000l\000t\000i\000p\000l\000e\000x\000i\000n\000g}{chapter.10}% 64
\BOOKMARK [1][-]{section.10.13}{\376\377\000F\000r\000e\000q\000u\000e\000n\000c\000y\000\040\000P\000l\000a\000n\000n\000i\000n\000g}{chapter.10}% 65
\BOOKMARK [1][-]{section.10.14}{\376\377\000M\000o\000d\000u\000l\000a\000z\000i\000o\000n\000e\000\040\000D\000i\000g\000i\000t\000a\000l\000e\000\040\000\050\000A\000S\000K\000,\000\040\000F\000S\000K\000,\000\040\000P\000S\000K\000\051}{chapter.10}% 66
\BOOKMARK [1][-]{section.10.15}{\376\377\000Q\000A\000M}{chapter.10}% 67
\BOOKMARK [1][-]{section.10.16}{\376\377\000E\000s\000e\000m\000p\000i\000o\000\040\000s\000u\000\040\000s\000i\000n\000u\000s\000o\000i\000d\000e}{chapter.10}% 68
\BOOKMARK [2][-]{subsection.10.16.1}{\376\377\000R\000a\000p\000p\000r\000e\000s\000e\000n\000t\000a\000z\000i\000o\000n\000e\000\040\000d\000e\000l\000\040\000s\000e\000g\000n\000a\000l\000e}{section.10.16}% 69
\BOOKMARK [2][-]{subsection.10.16.2}{\376\377\000C\000o\000d\000i\000f\000i\000c\000h\000e\000\040\000p\000e\000r\000\040\000i\000l\000\040\000s\000e\000g\000n\000a\000l\000e}{section.10.16}% 70
\BOOKMARK [1][-]{section.10.17}{\376\377\000S\000p\000r\000e\000a\000d\000\040\000S\000p\000e\000c\000t\000r\000u\000m\000\040\000T\000e\000c\000h\000n\000o\000l\000o\000g\000y}{chapter.10}% 71
\BOOKMARK [1][-]{section.10.18}{\376\377\000C\000a\000n\000a\000l\000i\000\040\000W\000i\000-\000F\000i}{chapter.10}% 72
\BOOKMARK [1][-]{section.10.19}{\376\377\000O\000F\000D\000M}{chapter.10}% 73
\BOOKMARK [1][-]{section.10.20}{\376\377\000T\000e\000r\000m\000i\000n\000a\000l\000i\000\040\000E\000s\000p\000o\000s\000t\000i\000\040\000e\000\040\000N\000a\000s\000c\000o\000s\000t\000i\000\040\040\024\000\040\000R\000T\000S\000/\000C\000T\000S}{chapter.10}% 74
\BOOKMARK [2][-]{subsection.10.20.1}{\376\377\000V\000u\000l\000n\000e\000r\000a\000b\000i\000l\000i\000t\000\340\000\040\000d\000e\000l\000\040\000f\000r\000a\000m\000e\000\040\000\050\000R\000a\000n\000d\000o\000m\000\040\000A\000c\000c\000e\000s\000s\000\040\000w\000i\000r\000e\000l\000e\000s\000s\000\051}{section.10.20}% 75
\BOOKMARK [0][-]{chapter.11}{\376\377\000A\000p\000p\000r\000o\000f\000o\000n\000d\000i\000m\000e\000n\000t\000i\000\040\000C\000a\000p\000i\000t\000o\000l\000o\000\040\0006\000\040\040\024\000\040\000P\000o\000l\000a\000r\000i\000z\000z\000a\000z\000i\000o\000n\000e\000\040\000e\000\040\000M\000u\000l\000t\000i\000p\000a\000t\000h}{}% 76
\BOOKMARK [0][-]{chapter.12}{\376\377\000R\000i\000e\000p\000i\000l\000o\000g\000o\000\040\000d\000e\000i\000\040\000P\000r\000o\000t\000o\000c\000o\000l\000l\000i\000\040\000d\000i\000\040\000R\000e\000t\000e}{}% 77
\BOOKMARK [0][-]{chapter.13}{\376\377\000C\000o\000m\000p\000l\000e\000m\000e\000n\000t\000i\000\040\000t\000e\000o\000r\000i\000c\000i}{}% 78
\BOOKMARK [1][-]{section.13.1}{\376\377\000I\000\040\000q\000u\000a\000t\000t\000r\000o\000\040\000r\000i\000t\000a\000r\000d\000i\000\040\000d\000i\000\040\000u\000n\000\040\000n\000o\000d\000o}{chapter.13}% 79
\BOOKMARK [1][-]{section.13.2}{\376\377\000M\000u\000l\000t\000i\000p\000l\000e\000x\000i\000n\000g\000\040\000d\000e\000l\000\040\000c\000a\000n\000a\000l\000e\000:\000\040\000T\000D\000M\000\040\000e\000\040\000F\000D\000M}{chapter.13}% 80
\BOOKMARK [1][-]{section.13.3}{\376\377\000T\000r\000a\000s\000f\000e\000r\000i\000m\000e\000n\000t\000o\000\040\000a\000f\000f\000i\000d\000a\000b\000i\000l\000e\000\040\000d\000e\000i\000\040\000d\000a\000t\000i\000\040\000\050\000r\000d\000t\000\051}{chapter.13}% 81
\BOOKMARK [1][-]{section.13.4}{\376\377\000T\000C\000P\000\040\000a\000f\000f\000i\000d\000a\000b\000i\000l\000e\000:\000\040\000n\000u\000m\000e\000r\000i\000\040\000d\000i\000\040\000s\000e\000q\000u\000e\000n\000z\000a\000,\000\040\000R\000T\000T\000,\000\040\000r\000i\000t\000r\000a\000s\000m\000i\000s\000s\000i\000o\000n\000e}{chapter.13}% 82
\BOOKMARK [1][-]{section.13.5}{\376\377\000I\000n\000t\000e\000r\000n\000e\000t\000\040\000c\000h\000e\000c\000k\000s\000u\000m\000\040\000\050\000s\000o\000m\000m\000a\000\040\000a\000\040\000c\000o\000m\000p\000l\000e\000m\000e\000n\000t\000o\000\040\000a\000\040\0001\000\051}{chapter.13}% 83
\BOOKMARK [1][-]{section.13.6}{\376\377\000C\000a\000p\000a\000c\000i\000t\000\340\000\040\000d\000i\000\040\000c\000a\000n\000a\000l\000e\000:\000\040\000N\000y\000q\000u\000i\000s\000t\000\040\000e\000\040\000S\000h\000a\000n\000n\000o\000n}{chapter.13}% 84
\BOOKMARK [1][-]{section.13.7}{\376\377\000C\000o\000m\000p\000l\000e\000m\000e\000n\000t\000i\000\040\000s\000p\000a\000r\000s\000i}{chapter.13}% 85
\BOOKMARK [1][-]{section.13.8}{\376\377\000A\000r\000i\000t\000m\000e\000t\000i\000c\000a\000\040\000m\000o\000d\000u\000l\000a\000r\000e\000\040\000\050\000p\000r\000e\000r\000e\000q\000u\000i\000s\000i\000t\000o\000\040\000d\000i\000\040\000R\000S\000A\000\051}{chapter.13}% 86
\BOOKMARK [1][-]{section.13.9}{\376\377\000Q\000u\000a\000l\000i\000t\000\340\000\040\000d\000e\000l\000\040\000s\000e\000r\000v\000i\000z\000i\000o\000:\000\040\000s\000e\000r\000v\000i\000z\000i\000\040\000d\000i\000f\000f\000e\000r\000e\000n\000z\000i\000a\000t\000i\000\040\000e\000\040\000I\000n\000t\000e\000r\000n\000e\000t\0002}{chapter.13}% 87
\BOOKMARK [1][-]{section.13.10}{\376\377\000S\000i\000c\000u\000r\000e\000z\000z\000a\000\040\000d\000e\000l\000l\000e\000\040\000L\000A\000N\000\040\000w\000i\000r\000e\000l\000e\000s\000s\000:\000\040\000W\000E\000P\000\040\000e\000\040\000W\000P\000A}{chapter.13}% 88
\BOOKMARK [1][-]{section.13.11}{\376\377\000D\000e\000t\000t\000a\000g\000l\000i\000\040\000d\000i\000\040\000c\000o\000m\000p\000l\000e\000t\000a\000m\000e\000n\000t\000o\000\040\000\050\000d\000a\000g\000l\000i\000\040\000a\000p\000p\000u\000n\000t\000i\000\040\000d\000e\000l\000\040\000p\000r\000o\000f\000\051}{chapter.13}% 89
\BOOKMARK [0][-]{appendix.A}{\376\377\000T\000E\000O\000R\000I\000A\000\040\000\050\000h\000o\000w\000-\000t\000o\000\051}{}% 90
\BOOKMARK [1][-]{section*.5}{\376\377\000M\000a\000p\000p\000a\000\040\000r\000a\000p\000i\000d\000a\000:\000\040\000t\000i\000p\000o\000\040\000d\000i\000\040\000p\000r\000o\000b\000l\000e\000m\000a\000\040\041\222\000\040\000s\000e\000z\000i\000o\000n\000e}{appendix.A}% 91
\BOOKMARK [1][-]{section.A.1}{\376\377\000F\000o\000r\000m\000u\000l\000a\000r\000i\000o\000:\000\040\000t\000u\000t\000t\000e\000\040\000l\000e\000\040\000f\000o\000r\000m\000u\000l\000e\000,\000\040\000s\000i\000m\000b\000o\000l\000i\000\040\000e\000\040\000u\000n\000i\000t\000\340}{appendix.A}% 92
\BOOKMARK [1][-]{section.A.2}{\376\377\000T\000a\000b\000e\000l\000l\000e\000\040\000d\000i\000\040\000c\000a\000l\000c\000o\000l\000o\000\040\000m\000a\000n\000u\000a\000l\000e\000\040\000\050\000s\000e\000n\000z\000a\000\040\000c\000a\000l\000c\000o\000l\000a\000t\000r\000i\000c\000e\000\051}{appendix.A}% 93
\BOOKMARK [1][-]{section.A.3}{\376\377\000A\000l\000i\000c\000e\000-\000B\000o\000b\000:\000\040\000p\000r\000o\000t\000o\000c\000o\000l\000l\000i\000\040\000d\000i\000\040\000c\000o\000m\000u\000n\000i\000c\000a\000z\000i\000o\000n\000e\000\040\000s\000i\000c\000u\000r\000a}{appendix.A}% 94
\BOOKMARK [2][-]{subsection.A.3.1}{\376\377\000I\000\040\000m\000a\000t\000t\000o\000n\000i\000\040\000d\000i\000\040\000b\000a\000s\000e}{section.A.3}% 95
\BOOKMARK [2][-]{subsection.A.3.2}{\376\377\000L\000e\000\040\000d\000u\000e\000\040\000r\000e\000g\000o\000l\000e\000\040\000p\000e\000r\000\040\000c\000o\000m\000p\000o\000r\000r\000e\000\040\000i\000\040\000m\000a\000t\000t\000o\000n\000i}{section.A.3}% 96
\BOOKMARK [2][-]{subsection.A.3.3}{\376\377\000D\000u\000e\000\040\000n\000o\000d\000i\000\040\000\050\000A\000l\000i\000c\000e\000\040\000\040\000B\000o\000b\000\051}{section.A.3}% 97
\BOOKMARK [2][-]{subsection.A.3.4}{\376\377\000T\000r\000e\000\040\000n\000o\000d\000i\000:\000\040\000A\000l\000i\000c\000e\000\040\040\023\000\040\000C\000l\000a\000i\000r\000e\000\040\000\050\000n\000o\000t\000a\000i\000o\000\051\000\040\040\023\000\040\000B\000o\000b}{section.A.3}% 98
\BOOKMARK [2][-]{subsection.A.3.5}{\376\377\000S\000e\000q\000u\000e\000n\000z\000a\000\040\000d\000i\000\040\000N\000\040\000m\000e\000s\000s\000a\000g\000g\000i\000\040\000\050\000N\000\040\000i\000g\000n\000o\000t\000o\000\040\000a\000\040\000p\000r\000i\000o\000r\000i\000\051}{section.A.3}% 99
\BOOKMARK [2][-]{subsection.A.3.6}{\376\377\000T\000r\000e\000\040\000n\000o\000d\000i\000\040\000c\000o\000n\000\040\000v\000e\000r\000i\000f\000i\000c\000a\000\040\000d\000i\000\040\000c\000o\000n\000t\000e\000n\000i\000m\000e\000n\000t\000o\000\040\000\050\000A\000l\000i\000c\000e\000\040\000/\000\040\000B\000o\000b\000\040\000/\000\040\000C\000h\000a\000r\000l\000i\000e\000\051}{section.A.3}% 100
\BOOKMARK [1][-]{section.A.4}{\376\377\000C\000a\000l\000c\000o\000l\000o\000\040\000I\000p\000v\0004\000\040\000v\000a\000l\000i\000d\000o\000,\000\040\000h\000o\000s\000t\000,\000\040\000c\000l\000a\000s\000s\000e\000,\000\040\000s\000o\000t\000t\000o\000r\000e\000t\000i}{appendix.A}% 101
\BOOKMARK [1][-]{section.A.5}{\376\377\000D\000a\000\040\000m\000a\000s\000c\000h\000e\000r\000a\000\040\000d\000i\000\040\000r\000e\000t\000e\000\040\000a\000\040\000r\000e\000t\000e\000/\000h\000o\000s\000t}{appendix.A}% 102
\BOOKMARK [1][-]{section.A.6}{\376\377\000S\000u\000b\000n\000e\000t\000t\000i\000n\000g\000:\000\040\000u\000l\000t\000i\000m\000o\000\040\000I\000P\000\040\000v\000a\000l\000i\000d\000o\000\040\000d\000e\000l\000l\000a\000\040\000r\000e\000t\000e\000\040\000d\000i\000\040\000u\000n\000\040\000h\000o\000s\000t}{appendix.A}% 103
\BOOKMARK [1][-]{section.A.7}{\376\377\000D\000e\000f\000i\000n\000i\000r\000e\000\040\000g\000l\000i\000\040\000i\000n\000d\000i\000r\000i\000z\000z\000i\000\040\000I\000P\000v\0004\000\040\000a\000s\000s\000e\000g\000n\000a\000b\000i\000l\000i\000\040\000n\000e\000l\000l\000e\000\040\000r\000e\000t\000i\000\040\000L\000O\000C\000A\000L\000I}{appendix.A}% 104
\BOOKMARK [2][-]{subsection.A.7.1}{\376\377\000R\000e\000t\000e\000\040\000c\000o\000n\000\040\000t\000o\000p\000o\000l\000o\000g\000i\000a\000\040\000a\000d\000\040\000a\000l\000b\000e\000r\000o\000\040\000e\000\040\000g\000a\000t\000e\000w\000a\000y\000\040\000c\000e\000n\000t\000r\000a\000l\000i\000z\000z\000a\000t\000o}{section.A.7}% 105
\BOOKMARK [2][-]{subsection.A.7.2}{\376\377\000E\000s\000e\000r\000c\000i\000z\000i\000o\000\040\0002\000:\000\040\000S\000u\000d\000d\000i\000v\000i\000s\000i\000o\000n\000e\000\040\000a\000\040\0003\000\040\000L\000A\000N\000\040\000s\000t\000a\000n\000d\000a\000r\000d}{section.A.7}% 106
\BOOKMARK [2][-]{subsection.A.7.3}{\376\377\000V\000L\000S\000M\000:\000\040\000g\000u\000i\000d\000a\000\040\000m\000e\000t\000o\000d\000o\000l\000o\000g\000i\000c\000a\000\040\000g\000e\000n\000e\000r\000a\000l\000e}{section.A.7}% 107
\BOOKMARK [1][-]{section.A.8}{\376\377\000C\000a\000l\000c\000o\000l\000o\000\040\000d\000e\000l\000\040\000r\000o\000u\000t\000e\000r\000\040\000p\000e\000r\000\040\000I\000P}{appendix.A}% 108
\BOOKMARK [1][-]{section.A.9}{\376\377\000S\000u\000p\000e\000r\000-\000n\000e\000t\000t\000i\000n\000g\000:\000\040\000s\000u\000p\000e\000r\000-\000r\000e\000t\000e\000\040\000c\000o\000m\000u\000n\000e\000\040\000a\000\040\000d\000u\000e\000\040\000h\000o\000s\000t}{appendix.A}% 109
\BOOKMARK [1][-]{section.A.10}{\376\377\000N\000A\000T\000:\000\040\000t\000a\000b\000e\000l\000l\000a\000\040\000d\000i\000\040\000t\000r\000a\000d\000u\000z\000i\000o\000n\000e}{appendix.A}% 110
\BOOKMARK [1][-]{section.A.11}{\376\377\000L\000i\000n\000k\000\040\000b\000u\000d\000g\000e\000t\000\040\000+\000\040\000z\000o\000n\000a\000\040\000d\000i\000\040\000F\000r\000e\000s\000n\000e\000l}{appendix.A}% 111
\BOOKMARK [2][-]{subsection.A.11.1}{\376\377\000F\000r\000e\000q\000u\000e\000n\000z\000a\000\040\000i\000n\000v\000e\000r\000s\000a\000\040\000e\000\040\000D\000i\000s\000t\000a\000n\000z\000a\000\040\000M\000a\000x\000\040\000c\000o\000n\000\040\000F\000a\000d\000e\000\040\000M\000a\000r\000g\000i\000n}{section.A.11}% 112
\BOOKMARK [2][-]{subsection.A.11.2}{\376\377\000G\000u\000a\000d\000a\000g\000n\000o\000\040\000a\000n\000t\000e\000n\000n\000e\000\040\000d\000a\000t\000o\000\040\000i\000l\000\040\000b\000i\000t\000r\000a\000t\000e}{section.A.11}% 113
\BOOKMARK [1][-]{section.A.12}{\376\377\000M\000u\000l\000t\000i\000p\000a\000t\000h\000:\000\040\000a\000n\000t\000i\000c\000i\000p\000o\000/\000r\000i\000t\000a\000r\000d\000o\000\040\000d\000i\000\040\000f\000a\000s\000e}{appendix.A}% 114
\BOOKMARK [1][-]{section.A.13}{\376\377\000M\000o\000d\000u\000l\000a\000z\000i\000o\000n\000e\000:\000\040\000d\000e\000c\000o\000d\000i\000f\000i\000c\000a\000\040\000b\000i\000t\000,\000\040\000p\000a\000r\000i\000t\000\340\000,\000\040\000e\000s\000a\000d\000e\000c\000i\000m\000a\000l\000e}{appendix.A}% 115
\BOOKMARK [1][-]{section.A.14}{\376\377\000C\000o\000n\000g\000e\000s\000t\000i\000o\000n\000e\000\040\000e\000\040\000s\000a\000t\000u\000r\000a\000z\000i\000o\000n\000e\000\040\000d\000e\000l\000\040\000b\000u\000f\000f\000e\000r}{appendix.A}% 116
\BOOKMARK [1][-]{section.A.15}{\376\377\000S\000t\000o\000p\000\046\000W\000a\000i\000t\000:\000\040\000t\000h\000r\000o\000u\000g\000h\000p\000u\000t\000,\000\040\000u\000t\000i\000l\000i\000z\000z\000o\000\040\000e\000\040\000C\000W\000N\000D\000\040\000i\000d\000e\000a\000l\000e}{appendix.A}% 117
\BOOKMARK [2][-]{subsection.A.15.1}{\376\377\000E\000s\000e\000m\000p\000i\000o\000:\000\040\000C\000a\000l\000c\000o\000l\000o\000\040\000d\000e\000l\000l\000a\000\040\000C\000W\000N\000D\000\040\000I\000d\000e\000a\000l\000e\000\040\000i\000n\000\040\000C\000o\000m\000u\000n\000i\000c\000a\000z\000i\000o\000n\000e\000\040\000B\000i\000d\000i\000r\000e\000z\000i\000o\000n\000a\000l\000e\000\040\000S\000i\000m\000m\000e\000t\000r\000i\000c\000a}{section.A.15}% 118
\BOOKMARK [1][-]{section.A.16}{\376\377\000S\000t\000o\000r\000e\000\040\000\046\000\040\000F\000o\000r\000w\000a\000r\000d\000:\000\040\000r\000i\000t\000a\000r\000d\000o\000\040\000t\000o\000t\000a\000l\000e}{appendix.A}% 119
\BOOKMARK [2][-]{subsection.A.16.1}{\376\377\000B\000u\000s\000\040\000c\000o\000n\000d\000i\000v\000i\000s\000o\000\040\000v\000s\000\040\000S\000t\000e\000l\000l\000a\000\040\000c\000o\000n\000\040\000s\000w\000i\000t\000c\000h}{section.A.16}% 120
\BOOKMARK [1][-]{section.A.17}{\376\377\000D\000i\000j\000k\000s\000t\000r\000a\000\040\000c\000o\000s\000t\000o\000\040\000m\000i\000n\000i\000m\000o\000\040\000L\000i\000n\000k\000\040\000S\000t\000a\000t\000e}{appendix.A}% 121
\BOOKMARK [1][-]{section.A.18}{\376\377\000P\000I\000N\000G}{appendix.A}% 122
\BOOKMARK [1][-]{section.A.19}{\376\377\000M\000a\000t\000r\000i\000c\000e\000\040\000b\000i\000t\000\040\000p\000a\000r\000i\000t\000a\000'}{appendix.A}% 123
\BOOKMARK [1][-]{section.A.20}{\376\377\000S\000a\000t\000u\000r\000a\000z\000i\000o\000n\000e\000\040\000s\000w\000i\000t\000c\000h\000\040\000+\000\040\000s\000o\000t\000t\000o\000r\000e\000t\000i}{appendix.A}% 124
\BOOKMARK [1][-]{section.A.21}{\376\377\000T\000e\000m\000p\000o\000\040\000d\000i\000\040\000t\000r\000a\000s\000m\000i\000s\000s\000i\000o\000n\000e\000\040\000+\000\040\000o\000v\000e\000r\000h\000e\000a\000d\000\040\000p\000a\000r\000i\000t\000\340}{appendix.A}% 125
\BOOKMARK [1][-]{section.A.22}{\376\377\000P\000r\000o\000g\000r\000a\000m\000m\000a\000z\000i\000o\000n\000e\000\040\000d\000i\000\040\000r\000e\000t\000e\000:\000\040\000s\000o\000c\000k\000e\000t\000\040\000P\000y\000t\000h\000o\000n\000\040\000\050\000U\000D\000P\000\040\000/\000\040\000T\000C\000P\000\051}{appendix.A}% 126
\BOOKMARK [1][-]{section.A.23}{\376\377\000L\000e\000t\000t\000u\000r\000a\000\040\000d\000i\000\040\000u\000n\000a\000\040\000t\000a\000b\000e\000l\000l\000a\000\040\000O\000p\000e\000n\000F\000l\000o\000w\000\040\000\050\000S\000D\000N\000\051}{appendix.A}% 127
\BOOKMARK [1][-]{section.A.24}{\376\377\000T\000a\000b\000e\000l\000l\000e\000\040\000d\000i\000\040\000f\000o\000r\000w\000a\000r\000d\000i\000n\000g\000:\000\040\000t\000r\000a\000c\000c\000i\000a\000r\000e\000\040\000i\000l\000\040\000c\000a\000m\000m\000i\000n\000o\000\040\000d\000i\000\040\000u\000n\000\040\000p\000a\000c\000c\000h\000e\000t\000t\000o}{appendix.A}% 128
\BOOKMARK [1][-]{section.A.25}{\376\377\000T\000r\000o\000v\000a\000r\000e\000\040\000l\000'\000I\000P\000\040\000d\000e\000l\000\040\000s\000e\000r\000v\000e\000r\000\040\000S\000M\000T\000P\000\040\000\050\000r\000e\000c\000o\000r\000d\000\040\000M\000X\000\040\000+\000\040\000A\000\051}{appendix.A}% 129
\BOOKMARK [1][-]{section.A.26}{\376\377\000D\000e\000c\000o\000m\000p\000o\000s\000i\000z\000i\000o\000n\000e\000\040\000d\000i\000\040\000u\000n\000a\000\040\000U\000R\000L}{appendix.A}% 130
\BOOKMARK [1][-]{section.A.27}{\376\377\000P\000r\000o\000x\000y\000\040\000/\000\040\000W\000e\000b\000\040\000c\000a\000c\000h\000e\000:\000\040\000t\000e\000m\000p\000o\000\040\000m\000e\000d\000i\000o\000\040\000d\000i\000\040\000a\000c\000c\000e\000s\000s\000o\000\040\000\050\000h\000i\000t\000-\000r\000a\000t\000i\000o\000\051}{appendix.A}% 131
\BOOKMARK [1][-]{section.A.28}{\376\377\000D\000i\000s\000t\000a\000n\000c\000e\000\040\000V\000e\000c\000t\000o\000r\000\040\000\050\000B\000e\000l\000l\000m\000a\000n\000-\000F\000o\000r\000d\000\051\000:\000\040\000e\000s\000e\000m\000p\000i\000o\000\040\000s\000v\000o\000l\000t\000o}{appendix.A}% 132
\BOOKMARK [1][-]{section.A.29}{\376\377\000T\000h\000r\000o\000u\000g\000h\000p\000u\000t\000\040\000e\000n\000d\000-\000t\000o\000-\000e\000n\000d\000:\000\040\000c\000o\000l\000l\000o\000\040\000d\000i\000\040\000b\000o\000t\000t\000i\000g\000l\000i\000a}{appendix.A}% 133
\BOOKMARK [1][-]{section.A.30}{\376\377\000C\000R\000C\000\040\000\050\000C\000y\000c\000l\000i\000c\000\040\000R\000e\000d\000u\000n\000d\000a\000n\000c\000y\000\040\000C\000h\000e\000c\000k\000\051\000:\000\040\000r\000i\000l\000e\000v\000a\000z\000i\000o\000n\000e\000\040\000d\000'\000e\000r\000r\000o\000r\000e}{appendix.A}% 134
\BOOKMARK [1][-]{section.A.31}{\376\377\000R\000i\000m\000a\000n\000d\000i\000:\000\040\000p\000r\000o\000b\000l\000e\000m\000i\000\040\000s\000v\000o\000l\000t\000i\000\040\000p\000r\000e\000s\000e\000n\000t\000i\000\040\000n\000e\000l\000l\000a\000\040\000t\000e\000o\000r\000i\000a}{appendix.A}% 135
\BOOKMARK [2][-]{subsection.A.31.1}{\376\377\000S\000u\000b\000n\000e\000t\000t\000i\000n\000g\000\040\040\024\000\040\000e\000s\000e\000m\000p\000i\000o\000\040\000/\0002\0001\000\040\000s\000v\000o\000l\000t\000o\000\040\000n\000e\000l\000l\000a\000\040\000t\000e\000o\000r\000i\000a}{section.A.31}% 136
\BOOKMARK [2][-]{subsection.A.31.2}{\376\377\000C\000o\000n\000g\000e\000s\000t\000i\000o\000n\000e\000\040\000e\000\040\000s\000a\000t\000u\000r\000a\000z\000i\000o\000n\000e\000\040\000d\000e\000l\000\040\000b\000u\000f\000f\000e\000r\000\040\040\024\000\040\000e\000s\000e\000m\000p\000i\000o\000\040\000s\000v\000o\000l\000t\000o\000\040\000n\000e\000l\000l\000a\000\040\000t\000e\000o\000r\000i\000a}{section.A.31}% 137
\BOOKMARK [0][-]{appendix.B}{\376\377\000R\000i\000s\000p\000o\000s\000t\000e\000-\000m\000o\000d\000e\000l\000l\000o\000\040\000a\000l\000l\000e\000\040\000d\000o\000m\000a\000n\000d\000e\000\040\000d\000i\000\040\000t\000e\000o\000r\000i\000a}{}% 138
\BOOKMARK [0][-]{appendix.C}{\376\377\000A\000p\000p\000e\000n\000d\000i\000c\000e\000:\000\040\000r\000a\000c\000c\000o\000l\000t\000e\000\040\000d\000i\000\040\000p\000r\000o\000b\000l\000e\000m\000i\000\040\000t\000i\000p\000o}{}% 139
