This is pdfTeX, Version 3.141592653-2.6-1.40.26 (TeX Live 2025/dev/Debian) (preloaded format=pdflatex 2026.3.6)  18 JUN 2026 17:53
entering extended mode
 restricted \write18 enabled.
 file:line:error style messages enabled.
 %&-line parsing enabled.
**/home/nico/Desktop/uni/2/Reti/appunt_per_esame/main.tex
(/home/nico/Desktop/uni/2/Reti/appunt_per_esame/main.tex
LaTeX2e <2024-11-01> patch level 2
L3 programming layer <2025-01-18>
(/usr/share/texlive/texmf-dist/tex/latex/base/report.cls
Document Class: report 2024/06/29 v1.4n Standard LaTeX document class
(/usr/share/texlive/texmf-dist/tex/latex/base/size11.clo
File: size11.clo 2024/06/29 v1.4n Standard LaTeX file (size option)
)
\c@part=\count196
\c@chapter=\count197
\c@section=\count198
\c@subsection=\count199
\c@subsubsection=\count266
\c@paragraph=\count267
\c@subparagraph=\count268
\c@figure=\count269
\c@table=\count270
\abovecaptionskip=\skip49
\belowcaptionskip=\skip50
\bibindent=\dimen141
) (/usr/share/texlive/texmf-dist/tex/generic/iftex/iftex.sty
Package: iftex 2024/12/12 v1.0g TeX engine tests
) (/usr/share/texlive/texmf-dist/tex/latex/base/inputenc.sty
Package: inputenc 2024/02/08 v1.3d Input encoding file
\inpenc@prehook=\toks17
\inpenc@posthook=\toks18
) (/usr/share/texlive/texmf-dist/tex/latex/base/fontenc.sty
Package: fontenc 2021/04/29 v2.0v Standard LaTeX package
) (/usr/share/texmf/tex/latex/lm/lmodern.sty
Package: lmodern 2015/05/01 v1.6.1 Latin Modern Fonts
LaTeX Font Info:    Overwriting symbol font `operators' in version `normal'
(Font)                  OT1/cmr/m/n --> OT1/lmr/m/n on input line 22.
LaTeX Font Info:    Overwriting symbol font `letters' in version `normal'
(Font)                  OML/cmm/m/it --> OML/lmm/m/it on input line 23.
LaTeX Font Info:    Overwriting symbol font `symbols' in version `normal'
(Font)                  OMS/cmsy/m/n --> OMS/lmsy/m/n on input line 24.
LaTeX Font Info:    Overwriting symbol font `largesymbols' in version `normal'
(Font)                  OMX/cmex/m/n --> OMX/lmex/m/n on input line 25.
LaTeX Font Info:    Overwriting symbol font `operators' in version `bold'
(Font)                  OT1/cmr/bx/n --> OT1/lmr/bx/n on input line 26.
LaTeX Font Info:    Overwriting symbol font `letters' in version `bold'
(Font)                  OML/cmm/b/it --> OML/lmm/b/it on input line 27.
LaTeX Font Info:    Overwriting symbol font `symbols' in version `bold'
(Font)                  OMS/cmsy/b/n --> OMS/lmsy/b/n on input line 28.
LaTeX Font Info:    Overwriting symbol font `largesymbols' in version `bold'
(Font)                  OMX/cmex/m/n --> OMX/lmex/m/n on input line 29.
LaTeX Font Info:    Overwriting math alphabet `\mathbf' in version `normal'
(Font)                  OT1/cmr/bx/n --> OT1/lmr/bx/n on input line 31.
LaTeX Font Info:    Overwriting math alphabet `\mathsf' in version `normal'
(Font)                  OT1/cmss/m/n --> OT1/lmss/m/n on input line 32.
LaTeX Font Info:    Overwriting math alphabet `\mathit' in version `normal'
(Font)                  OT1/cmr/m/it --> OT1/lmr/m/it on input line 33.
LaTeX Font Info:    Overwriting math alphabet `\mathtt' in version `normal'
(Font)                  OT1/cmtt/m/n --> OT1/lmtt/m/n on input line 34.
LaTeX Font Info:    Overwriting math alphabet `\mathbf' in version `bold'
(Font)                  OT1/cmr/bx/n --> OT1/lmr/bx/n on input line 35.
LaTeX Font Info:    Overwriting math alphabet `\mathsf' in version `bold'
(Font)                  OT1/cmss/bx/n --> OT1/lmss/bx/n on input line 36.
LaTeX Font Info:    Overwriting math alphabet `\mathit' in version `bold'
(Font)                  OT1/cmr/bx/it --> OT1/lmr/bx/it on input line 37.
LaTeX Font Info:    Overwriting math alphabet `\mathtt' in version `bold'
(Font)                  OT1/cmtt/m/n --> OT1/lmtt/m/n on input line 38.
) (/usr/share/texlive/texmf-dist/tex/latex/geometry/geometry.sty
Package: geometry 2020/01/02 v5.9 Page Geometry
 (/usr/share/texlive/texmf-dist/tex/latex/graphics/keyval.sty
Package: keyval 2022/05/29 v1.15 key=value parser (DPC)
\KV@toks@=\toks19
) (/usr/share/texlive/texmf-dist/tex/generic/iftex/ifvtex.sty
Package: ifvtex 2019/10/25 v1.7 ifvtex legacy package. Use iftex instead.
)
\Gm@cnth=\count271
\Gm@cntv=\count272
\c@Gm@tempcnt=\count273
\Gm@bindingoffset=\dimen142
\Gm@wd@mp=\dimen143
\Gm@odd@mp=\dimen144
\Gm@even@mp=\dimen145
\Gm@layoutwidth=\dimen146
\Gm@layoutheight=\dimen147
\Gm@layouthoffset=\dimen148
\Gm@layoutvoffset=\dimen149
\Gm@dimlist=\toks20
) (/usr/share/texlive/texmf-dist/tex/latex/graphics/graphicx.sty
Package: graphicx 2021/09/16 v1.2d Enhanced LaTeX Graphics (DPC,SPQR)
 (/usr/share/texlive/texmf-dist/tex/latex/graphics/graphics.sty
Package: graphics 2024/08/06 v1.4g Standard LaTeX Graphics (DPC,SPQR)
 (/usr/share/texlive/texmf-dist/tex/latex/graphics/trig.sty
Package: trig 2023/12/02 v1.11 sin cos tan (DPC)
) (/usr/share/texlive/texmf-dist/tex/latex/graphics-cfg/graphics.cfg
File: graphics.cfg 2016/06/04 v1.11 sample graphics configuration
)
Package graphics Info: Driver file: pdftex.def on input line 106.
 (/usr/share/texlive/texmf-dist/tex/latex/graphics-def/pdftex.def
File: pdftex.def 2024/04/13 v1.2c Graphics/color driver for pdftex
))
\Gin@req@height=\dimen150
\Gin@req@width=\dimen151
) (/usr/share/texlive/texmf-dist/tex/latex/float/float.sty
Package: float 2001/11/08 v1.3d Float enhancements (AL)
\c@float@type=\count274
\float@exts=\toks21
\float@box=\box52
\@float@everytoks=\toks22
\@floatcapt=\box53
) (/usr/share/texlive/texmf-dist/tex/latex/xcolor/xcolor.sty
Package: xcolor 2024/09/29 v3.02 LaTeX color extensions (UK)
 (/usr/share/texlive/texmf-dist/tex/latex/graphics-cfg/color.cfg
File: color.cfg 2016/01/02 v1.6 sample color configuration
)
Package xcolor Info: Driver file: pdftex.def on input line 274.
 (/usr/share/texlive/texmf-dist/tex/latex/graphics/mathcolor.ltx)
Package xcolor Info: Model `cmy' substituted by `cmy0' on input line 1349.
Package xcolor Info: Model `hsb' substituted by `rgb' on input line 1353.
Package xcolor Info: Model `RGB' extended on input line 1365.
Package xcolor Info: Model `HTML' substituted by `rgb' on input line 1367.
Package xcolor Info: Model `Hsb' substituted by `hsb' on input line 1368.
Package xcolor Info: Model `tHsb' substituted by `hsb' on input line 1369.
Package xcolor Info: Model `HSB' substituted by `hsb' on input line 1370.
Package xcolor Info: Model `Gray' substituted by `gray' on input line 1371.
Package xcolor Info: Model `wave' substituted by `hsb' on input line 1372.
) (/usr/share/texlive/texmf-dist/tex/latex/fancyhdr/fancyhdr.sty
Package: fancyhdr 2025/02/07 v5.2 Extensive control of page headers and footers
\f@nch@headwidth=\skip51
\f@nch@offset@elh=\skip52
\f@nch@offset@erh=\skip53
\f@nch@offset@olh=\skip54
\f@nch@offset@orh=\skip55
\f@nch@offset@elf=\skip56
\f@nch@offset@erf=\skip57
\f@nch@offset@olf=\skip58
\f@nch@offset@orf=\skip59
\f@nch@height=\skip60
\f@nch@footalignment=\skip61
\f@nch@widthL=\skip62
\f@nch@widthC=\skip63
\f@nch@widthR=\skip64
\@temptokenb=\toks23
) (/usr/share/texlive/texmf-dist/tex/latex/titlesec/titlesec.sty
Package: titlesec 2025/01/04 v2.17 Sectioning titles
\ttl@box=\box54
\beforetitleunit=\skip65
\aftertitleunit=\skip66
\ttl@plus=\dimen152
\ttl@minus=\dimen153
\ttl@toksa=\toks24
\titlewidth=\dimen154
\titlewidthlast=\dimen155
\titlewidthfirst=\dimen156
) (/usr/share/texlive/texmf-dist/tex/latex/parskip/parskip.sty
Package: parskip 2021-03-14 v2.0h non-zero parskip adjustments
 (/usr/share/texlive/texmf-dist/tex/latex/kvoptions/kvoptions.sty
Package: kvoptions 2022-06-15 v3.15 Key value format for package options (HO)
 (/usr/share/texlive/texmf-dist/tex/generic/ltxcmds/ltxcmds.sty
Package: ltxcmds 2023-12-04 v1.26 LaTeX kernel commands for general use (HO)
) (/usr/share/texlive/texmf-dist/tex/latex/kvsetkeys/kvsetkeys.sty
Package: kvsetkeys 2022-10-05 v1.19 Key value parser (HO)
)) (/usr/share/texlive/texmf-dist/tex/latex/etoolbox/etoolbox.sty
Package: etoolbox 2025/02/11 v2.5l e-TeX tools for LaTeX (JAW)
\etb@tempcnta=\count275
)) (/usr/share/texlive/texmf-dist/tex/latex/hyperref/hyperref.sty
Package: hyperref 2024-11-05 v7.01l Hypertext links for LaTeX
 (/usr/share/texlive/texmf-dist/tex/generic/kvdefinekeys/kvdefinekeys.sty
Package: kvdefinekeys 2019-12-19 v1.6 Define keys (HO)
) (/usr/share/texlive/texmf-dist/tex/generic/pdfescape/pdfescape.sty
Package: pdfescape 2019/12/09 v1.15 Implements pdfTeX's escape features (HO)
 (/usr/share/texlive/texmf-dist/tex/generic/pdftexcmds/pdftexcmds.sty
Package: pdftexcmds 2020-06-27 v0.33 Utility functions of pdfTeX for LuaTeX (HO)
 (/usr/share/texlive/texmf-dist/tex/generic/infwarerr/infwarerr.sty
Package: infwarerr 2019/12/03 v1.5 Providing info/warning/error messages (HO)
)
Package pdftexcmds Info: \pdf@primitive is available.
Package pdftexcmds Info: \pdf@ifprimitive is available.
Package pdftexcmds Info: \pdfdraftmode found.
)) (/usr/share/texlive/texmf-dist/tex/latex/hycolor/hycolor.sty
Package: hycolor 2020-01-27 v1.10 Color options for hyperref/bookmark (HO)
) (/usr/share/texlive/texmf-dist/tex/latex/hyperref/nameref.sty
Package: nameref 2023-11-26 v2.56 Cross-referencing by name of section
 (/usr/share/texlive/texmf-dist/tex/latex/refcount/refcount.sty
Package: refcount 2019/12/15 v3.6 Data extraction from label references (HO)
) (/usr/share/texlive/texmf-dist/tex/generic/gettitlestring/gettitlestring.sty
Package: gettitlestring 2019/12/15 v1.6 Cleanup title references (HO)
)
\c@section@level=\count276
) (/usr/share/texlive/texmf-dist/tex/generic/stringenc/stringenc.sty
Package: stringenc 2019/11/29 v1.12 Convert strings between diff. encodings (HO)
)
\@linkdim=\dimen157
\Hy@linkcounter=\count277
\Hy@pagecounter=\count278
 (/usr/share/texlive/texmf-dist/tex/latex/hyperref/pd1enc.def
File: pd1enc.def 2024-11-05 v7.01l Hyperref: PDFDocEncoding definition (HO)
Now handling font encoding PD1 ...
... no UTF-8 mapping file for font encoding PD1
) (/usr/share/texlive/texmf-dist/tex/generic/intcalc/intcalc.sty
Package: intcalc 2019/12/15 v1.3 Expandable calculations with integers (HO)
)
\Hy@SavedSpaceFactor=\count279
 (/usr/share/texlive/texmf-dist/tex/latex/hyperref/puenc.def
File: puenc.def 2024-11-05 v7.01l Hyperref: PDF Unicode definition (HO)
Now handling font encoding PU ...
... no UTF-8 mapping file for font encoding PU
)
Package hyperref Info: Hyper figures OFF on input line 4157.
Package hyperref Info: Link nesting OFF on input line 4162.
Package hyperref Info: Hyper index ON on input line 4165.
Package hyperref Info: Plain pages OFF on input line 4172.
Package hyperref Info: Backreferencing OFF on input line 4177.
Package hyperref Info: Implicit mode ON; LaTeX internals redefined.
Package hyperref Info: Bookmarks ON on input line 4424.
\c@Hy@tempcnt=\count280
 (/usr/share/texlive/texmf-dist/tex/latex/url/url.sty
\Urlmuskip=\muskip17
Package: url 2013/09/16  ver 3.4  Verb mode for urls, etc.
)
LaTeX Info: Redefining \url on input line 4763.
\XeTeXLinkMargin=\dimen158
 (/usr/share/texlive/texmf-dist/tex/generic/bitset/bitset.sty
Package: bitset 2019/12/09 v1.3 Handle bit-vector datatype (HO)
 (/usr/share/texlive/texmf-dist/tex/generic/bigintcalc/bigintcalc.sty
Package: bigintcalc 2019/12/15 v1.5 Expandable calculations on big integers (HO)
))
\Fld@menulength=\count281
\Field@Width=\dimen159
\Fld@charsize=\dimen160
Package hyperref Info: Hyper figures OFF on input line 6042.
Package hyperref Info: Link nesting OFF on input line 6047.
Package hyperref Info: Hyper index ON on input line 6050.
Package hyperref Info: backreferencing OFF on input line 6057.
Package hyperref Info: Link coloring OFF on input line 6062.
Package hyperref Info: Link coloring with OCG OFF on input line 6067.
Package hyperref Info: PDF/A mode OFF on input line 6072.
 (/usr/share/texlive/texmf-dist/tex/latex/base/atbegshi-ltx.sty
Package: atbegshi-ltx 2021/01/10 v1.0c Emulation of the original atbegshi
package with kernel methods
)
\Hy@abspage=\count282
\c@Item=\count283
\c@Hfootnote=\count284
)
Package hyperref Info: Driver (autodetected): hpdftex.
 (/usr/share/texlive/texmf-dist/tex/latex/hyperref/hpdftex.def
File: hpdftex.def 2024-11-05 v7.01l Hyperref driver for pdfTeX
 (/usr/share/texlive/texmf-dist/tex/latex/base/atveryend-ltx.sty
Package: atveryend-ltx 2020/08/19 v1.0a Emulation of the original atveryend package
with kernel methods
)
\Fld@listcount=\count285
\c@bookmark@seq@number=\count286
 (/usr/share/texlive/texmf-dist/tex/latex/rerunfilecheck/rerunfilecheck.sty
Package: rerunfilecheck 2022-07-10 v1.10 Rerun checks for auxiliary files (HO)
 (/usr/share/texlive/texmf-dist/tex/generic/uniquecounter/uniquecounter.sty
Package: uniquecounter 2019/12/15 v1.4 Provide unlimited unique counter (HO)
)
Package uniquecounter Info: New unique counter `rerunfilecheck' on input line 285.
)
\Hy@SectionHShift=\skip67
) (/usr/share/texlive/texmf-dist/tex/latex/amsmath/amsmath.sty
Package: amsmath 2024/11/05 v2.17t AMS math features
\@mathmargin=\skip68

For additional information on amsmath, use the `?' option.
(/usr/share/texlive/texmf-dist/tex/latex/amsmath/amstext.sty
Package: amstext 2021/08/26 v2.01 AMS text
 (/usr/share/texlive/texmf-dist/tex/latex/amsmath/amsgen.sty
File: amsgen.sty 1999/11/30 v2.0 generic functions
\@emptytoks=\toks25
\ex@=\dimen161
)) (/usr/share/texlive/texmf-dist/tex/latex/amsmath/amsbsy.sty
Package: amsbsy 1999/11/29 v1.2d Bold Symbols
\pmbraise@=\dimen162
) (/usr/share/texlive/texmf-dist/tex/latex/amsmath/amsopn.sty
Package: amsopn 2022/04/08 v2.04 operator names
)
\inf@bad=\count287
LaTeX Info: Redefining \frac on input line 233.
\uproot@=\count288
\leftroot@=\count289
LaTeX Info: Redefining \overline on input line 398.
LaTeX Info: Redefining \colon on input line 409.
\classnum@=\count290
\DOTSCASE@=\count291
LaTeX Info: Redefining \ldots on input line 495.
LaTeX Info: Redefining \dots on input line 498.
LaTeX Info: Redefining \cdots on input line 619.
\Mathstrutbox@=\box55
\strutbox@=\box56
LaTeX Info: Redefining \big on input line 721.
LaTeX Info: Redefining \Big on input line 722.
LaTeX Info: Redefining \bigg on input line 723.
LaTeX Info: Redefining \Bigg on input line 724.
\big@size=\dimen163
LaTeX Font Info:    Redeclaring font encoding OML on input line 742.
LaTeX Font Info:    Redeclaring font encoding OMS on input line 743.
\macc@depth=\count292
LaTeX Info: Redefining \bmod on input line 904.
LaTeX Info: Redefining \pmod on input line 909.
LaTeX Info: Redefining \smash on input line 939.
LaTeX Info: Redefining \relbar on input line 969.
LaTeX Info: Redefining \Relbar on input line 970.
\c@MaxMatrixCols=\count293
\dotsspace@=\muskip18
\c@parentequation=\count294
\dspbrk@lvl=\count295
\tag@help=\toks26
\row@=\count296
\column@=\count297
\maxfields@=\count298
\andhelp@=\toks27
\eqnshift@=\dimen164
\alignsep@=\dimen165
\tagshift@=\dimen166
\tagwidth@=\dimen167
\totwidth@=\dimen168
\lineht@=\dimen169
\@envbody=\toks28
\multlinegap=\skip69
\multlinetaggap=\skip70
\mathdisplay@stack=\toks29
LaTeX Info: Redefining \[ on input line 2953.
LaTeX Info: Redefining \] on input line 2954.
) (/usr/share/texlive/texmf-dist/tex/latex/amsfonts/amssymb.sty
Package: amssymb 2013/01/14 v3.01 AMS font symbols
 (/usr/share/texlive/texmf-dist/tex/latex/amsfonts/amsfonts.sty
Package: amsfonts 2013/01/14 v3.01 Basic AMSFonts support
\symAMSa=\mathgroup4
\symAMSb=\mathgroup5
LaTeX Font Info:    Redeclaring math symbol \hbar on input line 98.
LaTeX Font Info:    Overwriting math alphabet `\mathfrak' in version `bold'
(Font)                  U/euf/m/n --> U/euf/b/n on input line 106.
)) (/usr/share/texlive/texmf-dist/tex/latex/enumitem/enumitem.sty
Package: enumitem 2025/02/06 v3.11 Customized lists
\labelindent=\skip71
\enit@outerparindent=\dimen170
\enit@toks=\toks30
\enit@inbox=\box57
\enit@count@id=\count299
\enitdp@description=\count300
) (/usr/share/texlive/texmf-dist/tex/generic/soul/soul.sty
Package: soul 2023-06-14 v3.1 Permit use of UTF-8 characters in soul (HO)
 (/usr/share/texlive/texmf-dist/tex/generic/soul/soul-ori.sty
Package: soul-ori 2023-06-14 v3.1 letterspacing/underlining (mf)
\SOUL@word=\toks31
\SOUL@lasttoken=\toks32
\SOUL@syllable=\toks33
\SOUL@cmds=\toks34
\SOUL@buffer=\toks35
\SOUL@token=\toks36
\SOUL@syllgoal=\dimen171
\SOUL@syllwidth=\dimen172
\SOUL@charkern=\dimen173
\SOUL@hyphkern=\dimen174
\SOUL@dimen=\dimen175
\SOUL@dimeni=\dimen176
\SOUL@minus=\count301
\SOUL@comma=\count302
\SOUL@apo=\count303
\SOUL@grave=\count304
\SOUL@spaceskip=\skip72
\SOUL@ttwidth=\dimen177
\SOUL@uldp=\dimen178
\SOUL@ulht=\dimen179
) (/usr/share/texlive/texmf-dist/tex/generic/etexcmds/etexcmds.sty
Package: etexcmds 2019/12/15 v1.7 Avoid name clashes with e-TeX commands (HO)
)) (/usr/share/texlive/texmf-dist/tex/latex/colortbl/colortbl.sty
Package: colortbl 2024/07/06 v1.0i Color table columns (DPC)
 (/usr/share/texlive/texmf-dist/tex/latex/tools/array.sty
Package: array 2024/10/17 v2.6g Tabular extension package (FMi)
\col@sep=\dimen180
\ar@mcellbox=\box58
\extrarowheight=\dimen181
\NC@list=\toks37
\extratabsurround=\skip73
\backup@length=\skip74
\ar@cellbox=\box59
)
\everycr=\toks38
\minrowclearance=\skip75
\rownum=\count305
)
LaTeX Font Info:    Trying to load font information for T1+lmr on input line 29.
 (/usr/share/texmf/tex/latex/lm/t1lmr.fd
File: t1lmr.fd 2015/05/01 v1.6.1 Font defs for Latin Modern
) (/usr/share/texlive/texmf-dist/tex/latex/l3backend/l3backend-pdftex.def
File: l3backend-pdftex.def 2024-05-08 L3 backend support: PDF output (pdfTeX)
\l__color_backend_stack_int=\count306
\l__pdf_internal_box=\box60
) (./main.aux)
\openout1 = `main.aux'.

LaTeX Font Info:    Checking defaults for OML/cmm/m/it on input line 29.
LaTeX Font Info:    ... okay on input line 29.
LaTeX Font Info:    Checking defaults for OMS/cmsy/m/n on input line 29.
LaTeX Font Info:    ... okay on input line 29.
LaTeX Font Info:    Checking defaults for OT1/cmr/m/n on input line 29.
LaTeX Font Info:    ... okay on input line 29.
LaTeX Font Info:    Checking defaults for T1/cmr/m/n on input line 29.
LaTeX Font Info:    ... okay on input line 29.
LaTeX Font Info:    Checking defaults for TS1/cmr/m/n on input line 29.
LaTeX Font Info:    ... okay on input line 29.
LaTeX Font Info:    Checking defaults for OMX/cmex/m/n on input line 29.
LaTeX Font Info:    ... okay on input line 29.
LaTeX Font Info:    Checking defaults for U/cmr/m/n on input line 29.
LaTeX Font Info:    ... okay on input line 29.
LaTeX Font Info:    Checking defaults for PD1/pdf/m/n on input line 29.
LaTeX Font Info:    ... okay on input line 29.
LaTeX Font Info:    Checking defaults for PU/pdf/m/n on input line 29.
LaTeX Font Info:    ... okay on input line 29.

*geometry* driver: auto-detecting
*geometry* detected driver: pdftex
*geometry* verbose mode - [ preamble ] result:
* driver: pdftex
* paper: a4paper
* layout: <same size as paper>
* layoutoffset:(h,v)=(0.0pt,0.0pt)
* modes: 
* h-part:(L,W,R)=(65.44142pt, 466.62503pt, 65.44142pt)
* v-part:(T,H,B)=(65.44142pt, 714.164pt, 65.44142pt)
* \paperwidth=597.50787pt
* \paperheight=845.04684pt
* \textwidth=466.62503pt
* \textheight=714.164pt
* \oddsidemargin=-6.82857pt
* \evensidemargin=-6.82857pt
* \topmargin=-43.82857pt
* \headheight=14.0pt
* \headsep=25.0pt
* \topskip=11.0pt
* \footskip=30.0pt
* \marginparwidth=50.0pt
* \marginparsep=10.0pt
* \columnsep=10.0pt
* \skip\footins=10.0pt plus 4.0pt minus 2.0pt
* \hoffset=0.0pt
* \voffset=0.0pt
* \mag=1000
* \@twocolumnfalse
* \@twosidefalse
* \@mparswitchfalse
* \@reversemarginfalse
* (1in=72.27pt=25.4mm, 1cm=28.453pt)

(/usr/share/texlive/texmf-dist/tex/context/base/mkii/supp-pdf.mkii
[Loading MPS to PDF converter (version 2006.09.02).]
\scratchcounter=\count307
\scratchdimen=\dimen182
\scratchbox=\box61
\nofMPsegments=\count308
\nofMParguments=\count309
\everyMPshowfont=\toks39
\MPscratchCnt=\count310
\MPscratchDim=\dimen183
\MPnumerator=\count311
\makeMPintoPDFobject=\count312
\everyMPtoPDFconversion=\toks40
) (/usr/share/texlive/texmf-dist/tex/latex/epstopdf-pkg/epstopdf-base.sty
Package: epstopdf-base 2020-01-24 v2.11 Base part for package epstopdf
Package epstopdf-base Info: Redefining graphics rule for `.eps' on input line 485.
 (/usr/share/texlive/texmf-dist/tex/latex/latexconfig/epstopdf-sys.cfg
File: epstopdf-sys.cfg 2010/07/13 v1.3 Configuration of (r)epstopdf for TeX Live
))
Package hyperref Info: Link coloring OFF on input line 29.
 (./main.out) (./main.out)
\@outlinefile=\write3
\openout3 = `main.out'.



[1

{/var/lib/texmf/fonts/map/pdftex/updmap/pdftex.map}{/usr/share/texmf/fonts/enc/dvips/lm/lm-ec.enc}] (./main.toc
LaTeX Font Info:    Trying to load font information for OT1+lmr on input line 2.
 (/usr/share/texmf/tex/latex/lm/ot1lmr.fd
File: ot1lmr.fd 2015/05/01 v1.6.1 Font defs for Latin Modern
)
LaTeX Font Info:    Trying to load font information for OML+lmm on input line 2.
 (/usr/share/texmf/tex/latex/lm/omllmm.fd
File: omllmm.fd 2015/05/01 v1.6.1 Font defs for Latin Modern
)
LaTeX Font Info:    Trying to load font information for OMS+lmsy on input line 2.
 (/usr/share/texmf/tex/latex/lm/omslmsy.fd
File: omslmsy.fd 2015/05/01 v1.6.1 Font defs for Latin Modern
)
LaTeX Font Info:    Trying to load font information for OMX+lmex on input line 2.
 (/usr/share/texmf/tex/latex/lm/omxlmex.fd
File: omxlmex.fd 2015/05/01 v1.6.1 Font defs for Latin Modern
)
LaTeX Font Info:    External font `lmex10' loaded for size
(Font)              <10.95> on input line 2.
LaTeX Font Info:    External font `lmex10' loaded for size
(Font)              <8> on input line 2.
LaTeX Font Info:    External font `lmex10' loaded for size
(Font)              <6> on input line 2.
LaTeX Font Info:    Trying to load font information for U+msa on input line 2.
 (/usr/share/texlive/texmf-dist/tex/latex/amsfonts/umsa.fd
File: umsa.fd 2013/01/14 v3.01 AMS symbols A
)
LaTeX Font Info:    Trying to load font information for U+msb on input line 2.
 (/usr/share/texlive/texmf-dist/tex/latex/amsfonts/umsb.fd
File: umsb.fd 2013/01/14 v3.01 AMS symbols B
)


pdfTeX warning (ext4): destination with the same identifier (name{page.1}) has been already used, duplicate ignored
<to be read again> 
                   \relax 
l.45 ...line {8.2}SSL (dettagli)}{46}{section.8.2}
                                                  % [1

]

[2])
\tf@toc=\write4
\openout4 = `main.toc'.



[3]
Chapter 1.
LaTeX Font Info:    Trying to load font information for TS1+lmr on input line 42.
(/usr/share/texmf/tex/latex/lm/ts1lmr.fd
File: ts1lmr.fd 2015/05/01 v1.6.1 Font defs for Latin Modern
)

[4


{/usr/share/texmf/fonts/enc/dvips/lm/lm-ts1.enc}]
<figs/p03_1.png, id=516, 374.39874pt x 113.42375pt>
File: figs/p03_1.png Graphic file (type png)
<use figs/p03_1.png>
Package pdftex.def Info: figs/p03_1.png  used on input line 82.
(pdftex.def)             Requested size: 382.65862pt x 115.92606pt.
<figs/p03_2.png, id=517, 761.84625pt x 718.685pt>
File: figs/p03_2.png Graphic file (type png)
<use figs/p03_2.png>
Package pdftex.def Info: figs/p03_2.png  used on input line 83.
(pdftex.def)             Requested size: 382.63104pt x 360.95364pt.


[5{/usr/share/texmf/fonts/enc/dvips/lm/lm-mathit.enc}{/usr/share/texmf/fonts/enc/dvips/lm/lm-mathsy.enc}{/usr/share/texmf/fonts/enc/dvips/lm/lm-rm.enc} <./figs/p03_1.png (PNG copy)>]
<figs/p04_1.png, id=525, 536.0025pt x 100.375pt>
File: figs/p04_1.png Graphic file (type png)
<use figs/p04_1.png>
Package pdftex.def Info: figs/p04_1.png  used on input line 101.
(pdftex.def)             Requested size: 382.63365pt x 71.65422pt.


[6 <./figs/p03_2.png (PNG copy)>]
<figs/p04_2.png, id=531, 474.77374pt x 107.40125pt>
File: figs/p04_2.png Graphic file (type png)
<use figs/p04_2.png>
Package pdftex.def Info: figs/p04_2.png  used on input line 102.
(pdftex.def)             Requested size: 382.65208pt x 86.56187pt.
<figs/p04_3.png, id=532, 437.635pt x 81.30376pt>
File: figs/p04_3.png Graphic file (type png)
<use figs/p04_3.png>
Package pdftex.def Info: figs/p04_3.png  used on input line 103.
(pdftex.def)             Requested size: 382.64253pt x 71.08725pt.
<figs/p05_1.png, id=533, 762.85pt x 253.94875pt>
File: figs/p05_1.png Graphic file (type png)
<use figs/p05_1.png>
Package pdftex.def Info: figs/p05_1.png  used on input line 115.
(pdftex.def)             Requested size: 382.63464pt x 127.37704pt.
<figs/p05_2.png, id=534, 750.805pt x 235.88126pt>
File: figs/p05_2.png Graphic file (type png)
<use figs/p05_2.png>
Package pdftex.def Info: figs/p05_2.png  used on input line 116.
(pdftex.def)             Requested size: 382.64198pt x 120.21506pt.


[7 <./figs/p04_1.png (PNG copy)> <./figs/p04_2.png (PNG copy)> <./figs/p04_3.png (PNG copy)>]
<figs/p06_1.png, id=539, 304.13625pt x 91.34125pt>
File: figs/p06_1.png Graphic file (type png)
<use figs/p06_1.png>
Package pdftex.def Info: figs/p06_1.png  used on input line 126.
(pdftex.def)             Requested size: 382.64752pt x 114.92053pt.


[8 <./figs/p05_1.png (PNG copy)> <./figs/p05_2.png (PNG copy)>]
<figs/p07_1.png, id=544, 370.38374pt x 100.375pt>
File: figs/p07_1.png Graphic file (type png)
<use figs/p07_1.png>
Package pdftex.def Info: figs/p07_1.png  used on input line 138.
(pdftex.def)             Requested size: 382.64113pt x 103.69676pt.

Overfull \hbox (20.45015pt too wide) in paragraph at lines 141--143
\T1/lmr/bx/n/10.95 Architettura stan-dard dei pro-to-colli (ISO/OSI). \T1/lmr/m/n/10.95 Lo stan-dard \T1/lmr/bx/n/10.95 ISO/OSI \T1/lmr/m/n/10.95 definisce un'architettura
 []



[9 <./figs/p06_1.png (PNG copy)> <./figs/p07_1.png (PNG copy)>]
<figs/p08_1.png, id=549, 763.85374pt x 455.7025pt>
File: figs/p08_1.png Graphic file (type png)
<use figs/p08_1.png>
Package pdftex.def Info: figs/p08_1.png  used on input line 153.
(pdftex.def)             Requested size: 382.6369pt x 228.27484pt.
<figs/p08_2.png, id=550, 762.85pt x 507.8975pt>
File: figs/p08_2.png Graphic file (type png)
<use figs/p08_2.png>
Package pdftex.def Info: figs/p08_2.png  used on input line 154.
(pdftex.def)             Requested size: 382.63464pt x 254.75412pt.


[10 <./figs/p08_1.png (PNG copy)>]
Underfull \hbox (badness 10000) in paragraph at lines 172--174

 []



[11 <./figs/p08_2.png (PNG copy)>]
<figs/p10_1.png, id=559, 762.85pt x 321.2pt>
File: figs/p10_1.png Graphic file (type png)
<use figs/p10_1.png>
Package pdftex.def Info: figs/p10_1.png  used on input line 184.
(pdftex.def)             Requested size: 382.63464pt x 161.10931pt.


[12 <./figs/p10_1.png (PNG copy)>]
<figs/p11_1.png, id=565, 767.86874pt x 231.86626pt>
File: figs/p11_1.png Graphic file (type png)
<use figs/p11_1.png>
Package pdftex.def Info: figs/p11_1.png  used on input line 194.
(pdftex.def)             Requested size: 382.64459pt x 115.54366pt.
<figs/p11_2.png, id=566, 759.83875pt x 385.44pt>
File: figs/p11_2.png Graphic file (type png)
<use figs/p11_2.png>
Package pdftex.def Info: figs/p11_2.png  used on input line 195.
(pdftex.def)             Requested size: 382.64307pt x 194.10164pt.


[13 <./figs/p11_1.png (PNG copy)> <./figs/p11_2.png (PNG copy)>]

[14]
Chapter 2.

Overfull \hbox (33.1973pt too wide) in paragraph at lines 227--227
|[]\T1/lmr/bx/n/24.88 Approfondimenti Capi-tolo 1 ^^V Topolo-
 []



[15

]
Overfull \hbox (22.38037pt too wide) in paragraph at lines 265--266
[]\T1/lmr/bx/n/10.95 Internet Pro-to-col (IP). \T1/lmr/m/n/10.95 Pro-to-collo che usa un in-d-i-riz-za-mento glob-ale e \T1/lmr/bx/n/10.95 ger-ar-chico \T1/lmr/m/n/10.95 (\T1/lmr/bx/n/10.95 indirizzamento
 []

<figs/p16_1.png, id=581, 763.85374pt x 630.355pt>
File: figs/p16_1.png Graphic file (type png)
<use figs/p16_1.png>
Package pdftex.def Info: figs/p16_1.png  used on input line 268.
(pdftex.def)             Requested size: 382.6369pt x 315.76344pt.


[16]
<figs/p17_1.png, id=586, 506.89375pt x 81.30376pt>
File: figs/p17_1.png Graphic file (type png)
<use figs/p17_1.png>
Package pdftex.def Info: figs/p17_1.png  used on input line 290.
(pdftex.def)             Requested size: 382.64444pt x 61.37463pt.
<figs/p17_2.png, id=587, 510.90875pt x 87.32625pt>
File: figs/p17_2.png Graphic file (type png)
<use figs/p17_2.png>
Package pdftex.def Info: figs/p17_2.png  used on input line 291.
(pdftex.def)             Requested size: 382.6349pt x 65.40125pt.


[17 <./figs/p16_1.png (PNG copy)>]
<figs/p17_3.png, id=592, 510.90875pt x 101.37875pt>
File: figs/p17_3.png Graphic file (type png)
<use figs/p17_3.png>
Package pdftex.def Info: figs/p17_3.png  used on input line 292.
(pdftex.def)             Requested size: 382.6349pt x 75.92558pt.

Overfull \hbox (6.51497pt too wide) in paragraph at lines 295--296
\T1/lmr/m/n/10.95 I 4 byte si com-pon-gono di \T1/lmr/bx/n/10.95 Net-work Num-ber \T1/lmr/m/n/10.95 (es. 130.136) e \T1/lmr/bx/n/10.95 Host Num-ber \T1/lmr/m/n/10.95 (xxxxxxxx.xxxxxxxx). 
 []

<figs/p18_1.png, id=593, 682.55pt x 108.405pt>
File: figs/p18_1.png Graphic file (type png)
<use figs/p18_1.png>
Package pdftex.def Info: figs/p18_1.png  used on input line 309.
(pdftex.def)             Requested size: 382.642pt x 60.77254pt.
<figs/p18_2.png, id=594, 751.80875pt x 169.63374pt>
File: figs/p18_2.png Graphic file (type png)
<use figs/p18_2.png>
Package pdftex.def Info: figs/p18_2.png  used on input line 310.
(pdftex.def)             Requested size: 382.64877pt x 86.33862pt.


[18 <./figs/p17_1.png (PNG copy)> <./figs/p17_2.png (PNG copy)> <./figs/p17_3.png (PNG copy)> <./figs/p18_1.png (PNG copy)>]
<figs/p19_1.png, id=604, 715.67375pt x 310.15875pt>
File: figs/p19_1.png Graphic file (type png)
<use figs/p19_1.png>
Package pdftex.def Info: figs/p19_1.png  used on input line 330.
(pdftex.def)             Requested size: 382.63597pt x 165.8268pt.


[19 <./figs/p18_2.png (PNG copy)> <./figs/p19_1.png (PNG copy)>]
<figs/p21_1.png, id=609, 762.85pt x 253.94875pt>
File: figs/p21_1.png Graphic file (type png)
<use figs/p21_1.png>
Package pdftex.def Info: figs/p21_1.png  used on input line 347.
(pdftex.def)             Requested size: 382.63464pt x 127.37704pt.
<figs/p21_2.png, id=610, 449.68pt x 162.6075pt>
File: figs/p21_2.png Graphic file (type png)
<use figs/p21_2.png>
Package pdftex.def Info: figs/p21_2.png  used on input line 348.
(pdftex.def)             Requested size: 382.64835pt x 138.36838pt.


[20 <./figs/p21_1.png (PNG copy)>]

[21 <./figs/p21_2.png (PNG copy)>]
Chapter 3.

Overfull \hbox (1.94969pt too wide) in paragraph at lines 353--354
[]\T1/lmr/bx/n/10.95 TCP \T1/lmr/m/n/10.95 (Trans-mis-sion Con-trol Pro-to-col): servizio \T1/lmr/bx/n/10.95 af-fid-abile \T1/lmr/m/n/10.95 connection-oriented, us-ato quando
 []

LaTeX Font Info:    External font `lmex10' loaded for size
(Font)              <9> on input line 359.
LaTeX Font Info:    External font `lmex10' loaded for size
(Font)              <5> on input line 359.


[22

]
LaTeX Font Info:    Trying to load font information for T1+lmtt on input line 413.
 (/usr/share/texmf/tex/latex/lm/t1lmtt.fd
File: t1lmtt.fd 2015/05/01 v1.6.1 Font defs for Latin Modern
)

[23]
<figs/p24_1.png, id=630, 345.29pt x 72.27pt>
File: figs/p24_1.png Graphic file (type png)
<use figs/p24_1.png>
Package pdftex.def Info: figs/p24_1.png  used on input line 423.
(pdftex.def)             Requested size: 382.64417pt x 80.08829pt.
<figs/p25_1.png, id=631, 454.69875pt x 146.5475pt>
File: figs/p25_1.png Graphic file (type png)
<use figs/p25_1.png>
Package pdftex.def Info: figs/p25_1.png  used on input line 437.
(pdftex.def)             Requested size: 382.63815pt x 123.32265pt.


[24 <./figs/p24_1.png (PNG copy)> <./figs/p25_1.png (PNG copy)>]

[25]
Chapter 4.
<figs/p26_1.png, id=642, 569.12625pt x 101.37875pt>
File: figs/p26_1.png Graphic file (type png)
<use figs/p26_1.png>
Package pdftex.def Info: figs/p26_1.png  used on input line 486.
(pdftex.def)             Requested size: 382.64996pt x 68.16162pt.


[26

{/usr/share/texmf/fonts/enc/dvips/lm/lm-mathex.enc} <./figs/p26_1.png (PNG copy)>]
Overfull \hbox (1.40437pt too wide) in paragraph at lines 521--522
[]\T1/lmr/bx/n/10.95 TLD Server \T1/lmr/m/n/10.95 (Top Level Do-main): re-spon-s-abili del primo liv-ello (desinenza fi-nale); conoscono
 []



[27]

[28]
Chapter 5.

Overfull \hbox (20.28247pt too wide) in paragraph at lines 538--538
|[]\T1/lmr/bx/n/24.88 Approfondimenti Capi-tolo 3 ^^V Socket
 []


Overfull \hbox (39.05818pt too wide) in paragraph at lines 539--540
\T1/lmr/bx/n/10.95 Socket TCP. \T1/lmr/m/n/10.95 Es-em-pio: avviare una con-nes-sione SSH tra l'host $\OT1/lmr/m/n/10.95 192\OML/lmm/m/it/10.95 :\OT1/lmr/m/n/10.95 100\OML/lmm/m/it/10.95 :\OT1/lmr/m/n/10.95 1\OML/lmm/m/it/10.95 :\OT1/lmr/m/n/10.95 20\OML/lmm/m/it/10.95 =\OT1/lmr/m/n/10.95 24$ \T1/lmr/m/n/10.95 e \T1/lmtt/m/n/10.95 pancrazio.cs.unibo.it
 []

<figs/p30_1.png, id=661, 765.86125pt x 200.75pt>
File: figs/p30_1.png Graphic file (type png)
<use figs/p30_1.png>
Package pdftex.def Info: figs/p30_1.png  used on input line 546.
(pdftex.def)             Requested size: 382.63753pt x 100.29816pt.

Package hyperref Warning: Difference (2) between bookmark levels is greater 
(hyperref)                than one, level fixed on input line 548.



[29

 <./figs/p30_1.png (PNG copy)>]

[30]
Chapter 6.

Overfull \hbox (30.13025pt too wide) in paragraph at lines 618--619
\T1/lmr/bx/n/10.95 URI \T1/lmr/m/n/10.95 (in par-ti-co-lare un \T1/lmr/bx/n/10.95 URL\T1/lmr/m/n/10.95 ). Strut-tura di un URL: $\OML/lmm/m/it/10.95 nome protocollo=hostname[]portnumber=pathname$\T1/lmr/m/n/10.95 ,
 []



[31

]
<figs/p33_1.png, id=682, 765.86125pt x 215.80624pt>
File: figs/p33_1.png Graphic file (type png)
<use figs/p33_1.png>
Package pdftex.def Info: figs/p33_1.png  used on input line 633.
(pdftex.def)             Requested size: 382.63753pt x 107.82053pt.
<figs/p33_2.png, id=683, 392.46625pt x 173.64874pt>
File: figs/p33_2.png Graphic file (type png)
<use figs/p33_2.png>
Package pdftex.def Info: figs/p33_2.png  used on input line 634.
(pdftex.def)             Requested size: 382.66202pt x 169.3108pt.
<figs/p33_3.png, id=684, 762.85pt x 316.18124pt>
File: figs/p33_3.png Graphic file (type png)
<use figs/p33_3.png>
Package pdftex.def Info: figs/p33_3.png  used on input line 635.
(pdftex.def)             Requested size: 382.63464pt x 158.59198pt.


[32 <./figs/p33_1.png (PNG copy)> <./figs/p33_2.png (PNG copy)>]
<figs/p34_1.png, id=689, 656.4525pt x 104.39pt>
File: figs/p34_1.png Graphic file (type png)
<use figs/p34_1.png>
Package pdftex.def Info: figs/p34_1.png  used on input line 643.
(pdftex.def)             Requested size: 382.63586pt x 60.84727pt.
<figs/p34_2.png, id=690, 523.9575pt x 86.3225pt>
File: figs/p34_2.png Graphic file (type png)
<use figs/p34_2.png>
Package pdftex.def Info: figs/p34_2.png  used on input line 644.
(pdftex.def)             Requested size: 382.64569pt x 63.04121pt.
<figs/p35_1.png, id=691, 439.6425pt x 157.58875pt>
File: figs/p35_1.png Graphic file (type png)
<use figs/p35_1.png>
Package pdftex.def Info: figs/p35_1.png  used on input line 650.
(pdftex.def)             Requested size: 382.64688pt x 137.1588pt.
<figs/p35_2.png, id=692, 593.21625pt x 312.16624pt>
File: figs/p35_2.png Graphic file (type png)
<use figs/p35_2.png>
Package pdftex.def Info: figs/p35_2.png  used on input line 651.
(pdftex.def)             Requested size: 382.65323pt x 201.36235pt.


[33 <./figs/p33_3.png (PNG copy)> <./figs/p34_1.png (PNG copy)> <./figs/p34_2.png (PNG copy)>]

[34 <./figs/p35_1.png (PNG copy)> <./figs/p35_2.png (PNG copy)>]
<figs/p37_1.png, id=701, 428.60126pt x 168.63pt>
File: figs/p37_1.png Graphic file (type png)
<use figs/p37_1.png>
Package pdftex.def Info: figs/p37_1.png  used on input line 672.
(pdftex.def)             Requested size: 382.63763pt x 150.54594pt.

Overfull \hbox (6.0491pt too wide) in paragraph at lines 675--676
\T1/lmr/m/n/10.95 DASH viene at-ti-vato an-che con banda scarsa: sul tele-vi-sore, se il bi-trate è basso, si in-via un'immagine
 []

<figs/p38_1.png, id=702, 469.755pt x 277.035pt>
File: figs/p38_1.png Graphic file (type png)
<use figs/p38_1.png>
Package pdftex.def Info: figs/p38_1.png  used on input line 686.
(pdftex.def)             Requested size: 382.6355pt x 225.65681pt.


[35 <./figs/p37_1.png (PNG copy)>]

[36 <./figs/p38_1.png (PNG copy)>]
Chapter 7.
<figs/p39_1.png, id=712, 317.185pt x 88.33pt>
File: figs/p39_1.png Graphic file (type png)
<use figs/p39_1.png>
Package pdftex.def Info: figs/p39_1.png  used on input line 715.
(pdftex.def)             Requested size: 382.66733pt x 106.56557pt.
<figs/p39_2.png, id=713, 753.81625pt x 246.9225pt>
File: figs/p39_2.png Graphic file (type png)
<use figs/p39_2.png>
Package pdftex.def Info: figs/p39_2.png  used on input line 716.
(pdftex.def)             Requested size: 382.63535pt x 125.33727pt.


[37

 <./figs/p39_1.png (PNG copy)>]
Overfull \hbox (29.70427pt too wide) in paragraph at lines 724--725
[]\T1/lmr/bx/n/10.95 3DES\T1/lmr/m/n/10.95 : stesso con-cetto, ma il mes-sag-gio è cifrato tre volte con tre chi-avi di-verse: $\OML/lmm/m/it/10.95 K[]\OT1/lmr/m/n/10.95 (\OML/lmm/m/it/10.95 K[]\OT1/lmr/m/n/10.95 (\OML/lmm/m/it/10.95 K[]\OT1/lmr/m/n/10.95 (\OML/lmm/m/it/10.95 m\OT1/lmr/m/n/10.95 )))$\T1/lmr/m/n/10.95 ,
 []

<figs/p40_1.png, id=722, 760.8425pt x 321.2pt>
File: figs/p40_1.png Graphic file (type png)
<use figs/p40_1.png>
Package pdftex.def Info: figs/p40_1.png  used on input line 730.
(pdftex.def)             Requested size: 382.64934pt x 161.54062pt.


[38 <./figs/p39_2.png (PNG copy)> <./figs/p40_1.png (PNG copy)>]
<figs/p41_1.png, id=727, 755.82375pt x 182.6825pt>
File: figs/p41_1.png Graphic file (type png)
<use figs/p41_1.png>
Package pdftex.def Info: figs/p41_1.png  used on input line 740.
(pdftex.def)             Requested size: 382.63943pt x 92.48389pt.
<figs/p42_1.png, id=728, 765.86125pt x 165.61874pt>
File: figs/p42_1.png Graphic file (type png)
<use figs/p42_1.png>
Package pdftex.def Info: figs/p42_1.png  used on input line 758.
(pdftex.def)             Requested size: 382.63753pt x 82.74599pt.
<figs/p42_2.png, id=729, 441.65pt x 175.65625pt>
File: figs/p42_2.png Graphic file (type png)
<use figs/p42_2.png>
Package pdftex.def Info: figs/p42_2.png  used on input line 759.
(pdftex.def)             Requested size: 382.65546pt x 152.1925pt.


[39 <./figs/p41_1.png (PNG copy)>]
<figs/p43_1.png, id=740, 500.87125pt x 105.39375pt>
File: figs/p43_1.png Graphic file (type png)
<use figs/p43_1.png>
Package pdftex.def Info: figs/p43_1.png  used on input line 773.
(pdftex.def)             Requested size: 382.65318pt x 80.51819pt.
<figs/p43_2.png, id=741, 761.84625pt x 497.86pt>
File: figs/p43_2.png Graphic file (type png)
<use figs/p43_2.png>
Package pdftex.def Info: figs/p43_2.png  used on input line 774.
(pdftex.def)             Requested size: 382.63104pt x 250.0461pt.


[40 <./figs/p42_1.png (PNG copy)> <./figs/p42_2.png (PNG copy)> <./figs/p43_1.png (PNG copy)>]
<figs/p44_1.png, id=750, 318.18875pt x 106.3975pt>
File: figs/p44_1.png Graphic file (type png)
<use figs/p44_1.png>
Package pdftex.def Info: figs/p44_1.png  used on input line 788.
(pdftex.def)             Requested size: 382.63538pt x 127.94746pt.
<figs/p44_2.png, id=751, 318.18875pt x 86.3225pt>
File: figs/p44_2.png Graphic file (type png)
<use figs/p44_2.png>
Package pdftex.def Info: figs/p44_2.png  used on input line 789.
(pdftex.def)             Requested size: 382.63538pt x 103.80641pt.


[41 <./figs/p43_2.png (PNG copy)> <./figs/p44_1.png (PNG copy)>]
<figs/p45_1.png, id=756, 759.83875pt x 528.97626pt>
File: figs/p45_1.png Graphic file (type png)
<use figs/p45_1.png>
Package pdftex.def Info: figs/p45_1.png  used on input line 802.
(pdftex.def)             Requested size: 382.64307pt x 266.38428pt.
<figs/p45_2.png, id=757, 302.12875pt x 187.70125pt>
File: figs/p45_2.png Graphic file (type png)
<use figs/p45_2.png>
Package pdftex.def Info: figs/p45_2.png  used on input line 803.
(pdftex.def)             Requested size: 382.63892pt x 237.7192pt.


[42 <./figs/p44_2.png (PNG copy)> <./figs/p45_1.png (PNG copy)>]
<figs/p46_1.png, id=763, 764.8575pt x 463.7325pt>
File: figs/p46_1.png Graphic file (type png)
<use figs/p46_1.png>
Package pdftex.def Info: figs/p46_1.png  used on input line 813.
(pdftex.def)             Requested size: 382.63788pt x 231.99304pt.
<figs/p46_2.png, id=764, 750.805pt x 214.8025pt>
File: figs/p46_2.png Graphic file (type png)
<use figs/p46_2.png>
Package pdftex.def Info: figs/p46_2.png  used on input line 814.
(pdftex.def)             Requested size: 382.64198pt x 109.47243pt.


[43 <./figs/p45_2.png (PNG copy)>]

[44 <./figs/p46_1.png (PNG copy)> <./figs/p46_2.png (PNG copy)>]
Chapter 8.

Overfull \hbox (0.28313pt too wide) in paragraph at lines 816--816
|[]\T1/lmr/bx/n/24.88 Approfondimenti Capi-tolo 4 ^^V Crit-
 []

<figs/p48_1.png, id=773, 493.845pt x 86.3225pt>
File: figs/p48_1.png Graphic file (type png)
<use figs/p48_1.png>
Package pdftex.def Info: figs/p48_1.png  used on input line 842.
(pdftex.def)             Requested size: 382.63548pt x 66.88342pt.


[45

]
<figs/p48_2.png, id=778, 500.87125pt x 106.3975pt>
File: figs/p48_2.png Graphic file (type png)
<use figs/p48_2.png>
Package pdftex.def Info: figs/p48_2.png  used on input line 843.
(pdftex.def)             Requested size: 382.65318pt x 81.28503pt.


[46 <./figs/p48_1.png (PNG copy)> <./figs/p48_2.png (PNG copy)>]
Chapter 9.

Overfull \hbox (12.94284pt too wide) in paragraph at lines 857--857
|[]\T1/lmr/bx/n/24.88 Network Layer ^^V Rout-ing dei Router| 
 []

<figs/p50_1.png, id=783, 757.83125pt x 129.48375pt>
File: figs/p50_1.png Graphic file (type png)
<use figs/p50_1.png>
Package pdftex.def Info: figs/p50_1.png  used on input line 867.
(pdftex.def)             Requested size: 382.63817pt x 65.3779pt.
<figs/p50_2.png, id=784, 762.85pt x 204.765pt>
File: figs/p50_2.png Graphic file (type png)
<use figs/p50_2.png>
Package pdftex.def Info: figs/p50_2.png  used on input line 868.
(pdftex.def)             Requested size: 382.63464pt x 102.70718pt.


[47

 <./figs/p50_1.png (PNG copy)> <./figs/p50_2.png (PNG copy)>]
<figs/p51_1.png, id=790, 759.83875pt x 438.63875pt>
File: figs/p51_1.png Graphic file (type png)
<use figs/p51_1.png>
Package pdftex.def Info: figs/p51_1.png  used on input line 876.
(pdftex.def)             Requested size: 382.64307pt x 220.8917pt.


[48 <./figs/p51_1.png (PNG copy)>]
<figs/p53_1.png, id=796, 752.8125pt x 94.3525pt>
File: figs/p53_1.png Graphic file (type png)
<use figs/p53_1.png>
Package pdftex.def Info: figs/p53_1.png  used on input line 903.
(pdftex.def)             Requested size: 382.64275pt x 47.95787pt.
<figs/p53_2.png, id=797, 418.56375pt x 113.42375pt>
File: figs/p53_2.png Graphic file (type png)
<use figs/p53_2.png>
Package pdftex.def Info: figs/p53_2.png  used on input line 904.
(pdftex.def)             Requested size: 382.6308pt x 103.68651pt.
<figs/p54_1.png, id=798, 671.50874pt x 108.405pt>
File: figs/p54_1.png Graphic file (type png)
<use figs/p54_1.png>
Package pdftex.def Info: figs/p54_1.png  used on input line 914.
(pdftex.def)             Requested size: 382.63077pt x 61.76997pt.


[49 <./figs/p53_1.png (PNG copy)> <./figs/p53_2.png (PNG copy)>]
<figs/p55_1.png, id=803, 734.745pt x 168.63pt>
File: figs/p55_1.png Graphic file (type png)
<use figs/p55_1.png>
Package pdftex.def Info: figs/p55_1.png  used on input line 924.
(pdftex.def)             Requested size: 382.64137pt x 87.81932pt.


[50 <./figs/p54_1.png (PNG copy)> <./figs/p55_1.png (PNG copy)>]
Chapter 10.
<figs/p56_1.png, id=808, 765.86125pt x 210.7875pt>
File: figs/p56_1.png Graphic file (type png)
<use figs/p56_1.png>
Package pdftex.def Info: figs/p56_1.png  used on input line 954.
(pdftex.def)             Requested size: 382.63753pt x 105.31308pt.
<figs/p56_2.png, id=809, 679.53876pt x 85.31876pt>
File: figs/p56_2.png Graphic file (type png)
<use figs/p56_2.png>
Package pdftex.def Info: figs/p56_2.png  used on input line 955.
(pdftex.def)             Requested size: 382.63364pt x 48.04114pt.


[51

 <./figs/p56_1.png (PNG copy)> <./figs/p56_2.png (PNG copy)>]
<figs/p57_1.png, id=814, 765.86125pt x 127.47626pt>
File: figs/p57_1.png Graphic file (type png)
<use figs/p57_1.png>
Package pdftex.def Info: figs/p57_1.png  used on input line 967.
(pdftex.def)             Requested size: 382.63753pt x 63.68933pt.
<figs/p57_2.png, id=815, 646.415pt x 83.31125pt>
File: figs/p57_2.png Graphic file (type png)
<use figs/p57_2.png>
Package pdftex.def Info: figs/p57_2.png  used on input line 968.
(pdftex.def)             Requested size: 382.6342pt x 49.31464pt.
<figs/p58_1.png, id=816, 581.17125pt x 190.7125pt>
File: figs/p58_1.png Graphic file (type png)
<use figs/p58_1.png>
Package pdftex.def Info: figs/p58_1.png  used on input line 987.
(pdftex.def)             Requested size: 382.64308pt x 125.56506pt.


[52 <./figs/p57_1.png (PNG copy)> <./figs/p57_2.png (PNG copy)>]

[53 <./figs/p58_1.png (PNG copy)>]
<figs/p61_1.png, id=829, 765.86125pt x 104.39pt>
File: figs/p61_1.png Graphic file (type png)
<use figs/p61_1.png>
Package pdftex.def Info: figs/p61_1.png  used on input line 1033.
(pdftex.def)             Requested size: 382.63753pt x 52.15503pt.
<figs/p62_1.png, id=830, 538.01pt x 104.39pt>
File: figs/p62_1.png Graphic file (type png)
<use figs/p62_1.png>
Package pdftex.def Info: figs/p62_1.png  used on input line 1043.
(pdftex.def)             Requested size: 382.6383pt x 74.24324pt.
<figs/p62_2.png, id=831, 384.43625pt x 114.4275pt>
File: figs/p62_2.png Graphic file (type png)
<use figs/p62_2.png>
Package pdftex.def Info: figs/p62_2.png  used on input line 1044.
(pdftex.def)             Requested size: 382.66376pt x 113.8999pt.


[54 <./figs/p61_1.png (PNG copy)> <./figs/p62_1.png (PNG copy)>]
<figs/p64_1.png, id=837, 496.85625pt x 228.855pt>
File: figs/p64_1.png Graphic file (type png)
<use figs/p64_1.png>
Package pdftex.def Info: figs/p64_1.png  used on input line 1064.
(pdftex.def)             Requested size: 382.64114pt x 176.24681pt.
<figs/p64_2.png, id=838, 571.13374pt x 284.06125pt>
File: figs/p64_2.png Graphic file (type png)
<use figs/p64_2.png>
Package pdftex.def Info: figs/p64_2.png  used on input line 1065.
(pdftex.def)             Requested size: 382.6402pt x 190.31136pt.


[55 <./figs/p62_2.png (PNG copy)>]
<figs/p65_1.png, id=843, 278.03876pt x 78.2925pt>
File: figs/p65_1.png Graphic file (type png)
<use figs/p65_1.png>
Package pdftex.def Info: figs/p65_1.png  used on input line 1081.
(pdftex.def)             Requested size: 382.64174pt x 107.74747pt.


[56 <./figs/p64_1.png (PNG copy)> <./figs/p64_2.png (PNG copy)>]
<figs/p65_2.png, id=848, 755.82375pt x 148.555pt>
File: figs/p65_2.png Graphic file (type png)
<use figs/p65_2.png>
Package pdftex.def Info: figs/p65_2.png  used on input line 1082.
(pdftex.def)             Requested size: 382.63943pt x 75.20668pt.
<figs/p66_1.png, id=849, 739.76375pt x 141.52875pt>
File: figs/p66_1.png Graphic file (type png)
<use figs/p66_1.png>
Package pdftex.def Info: figs/p66_1.png  used on input line 1090.
(pdftex.def)             Requested size: 382.63625pt x 73.20448pt.


[57 <./figs/p65_1.png (PNG copy)> <./figs/p65_2.png (PNG copy)> <./figs/p66_1.png (PNG copy)>]
<figs/p68_1.png, id=854, 294.09875pt x 121.45375pt>
File: figs/p68_1.png Graphic file (type png)
<use figs/p68_1.png>
Package pdftex.def Info: figs/p68_1.png  used on input line 1119.
(pdftex.def)             Requested size: 382.63795pt x 158.0177pt.
<figs/p68_2.png, id=855, 305.14pt x 99.37125pt>
File: figs/p68_2.png Graphic file (type png)
<use figs/p68_2.png>
Package pdftex.def Info: figs/p68_2.png  used on input line 1120.
(pdftex.def)             Requested size: 382.65324pt x 124.61404pt.


[58 <./figs/p68_1.png (PNG copy)>]
<figs/p69_1.png, id=860, 412.54124pt x 144.54pt>
File: figs/p69_1.png Graphic file (type png)
<use figs/p69_1.png>
Package pdftex.def Info: figs/p69_1.png  used on input line 1126.
(pdftex.def)             Requested size: 382.63962pt x 134.06349pt.
<figs/p69_2.png, id=861, 192.72pt x 219.82124pt>
File: figs/p69_2.png Graphic file (type png)
<use figs/p69_2.png>
Package pdftex.def Info: figs/p69_2.png  used on input line 1127.
(pdftex.def)             Requested size: 382.63657pt x 436.44482pt.


[59 <./figs/p68_2.png (PNG copy)> <./figs/p69_1.png (PNG copy)>]
<figs/p70_1.png, id=866, 746.79pt x 199.74625pt>
File: figs/p70_1.png Graphic file (type png)
<use figs/p70_1.png>
Package pdftex.def Info: figs/p70_1.png  used on input line 1133.
(pdftex.def)             Requested size: 382.63548pt x 102.3447pt.


[60 <./figs/p69_2.png (PNG copy)>]
<figs/p71_1.png, id=872, 735.74875pt x 106.3975pt>
File: figs/p71_1.png Graphic file (type png)
<use figs/p71_1.png>
Package pdftex.def Info: figs/p71_1.png  used on input line 1143.
(pdftex.def)             Requested size: 382.64767pt x 55.33513pt.


LaTeX Warning: Command \textdegree invalid in math mode on input line 1148.


LaTeX Warning: Command \textdegree invalid in math mode on input line 1148.


LaTeX Warning: Command \textdegree invalid in math mode on input line 1148.


LaTeX Warning: Command \textdegree invalid in math mode on input line 1148.



[61 <./figs/p70_1.png (PNG copy)> <./figs/p71_1.png (PNG copy)>]
<figs/p74_1.png, id=877, 663.47874pt x 77.28876pt>
File: figs/p74_1.png Graphic file (type png)
<use figs/p74_1.png>
Package pdftex.def Info: figs/p74_1.png  used on input line 1171.
(pdftex.def)             Requested size: 382.63118pt x 44.57277pt.
<figs/p74_2.png, id=878, 738.76pt x 108.405pt>
File: figs/p74_2.png Graphic file (type png)
<use figs/p74_2.png>
Package pdftex.def Info: figs/p74_2.png  used on input line 1172.
(pdftex.def)             Requested size: 382.6356pt x 56.1476pt.
<figs/p74_3.png, id=879, 668.4975pt x 129.48375pt>
File: figs/p74_3.png Graphic file (type png)
<use figs/p74_3.png>
Package pdftex.def Info: figs/p74_3.png  used on input line 1173.
(pdftex.def)             Requested size: 382.649pt x 74.11668pt.
<figs/segnale.png, id=880, 916.42375pt x 386.44376pt>
File: figs/segnale.png Graphic file (type png)
<use figs/segnale.png>
Package pdftex.def Info: figs/segnale.png  used on input line 1176.
(pdftex.def)             Requested size: 382.63004pt x 161.35pt.


[62 <./figs/p74_1.png (PNG copy)> <./figs/p74_2.png (PNG copy)> <./figs/p74_3.png (PNG copy)>]
<figs/codifica.png, id=886, 296.10625pt x 483.8075pt>
File: figs/codifica.png Graphic file (type png)
<use figs/codifica.png>
Package pdftex.def Info: figs/codifica.png  used on input line 1182.
(pdftex.def)             Requested size: 93.32365pt x 152.48137pt.


[63 <./figs/segnale.png> <./figs/codifica.png>]
<figs/p75_1.png, id=893, 647.41875pt x 100.375pt>
File: figs/p75_1.png Graphic file (type png)
<use figs/p75_1.png>
Package pdftex.def Info: figs/p75_1.png  used on input line 1230.
(pdftex.def)             Requested size: 382.63562pt x 59.32333pt.


[64 <./figs/p75_1.png (PNG copy)>]
<figs/p77_1.png, id=898, 471.7625pt x 77.28876pt>
File: figs/p77_1.png Graphic file (type png)
<use figs/p77_1.png>
Package pdftex.def Info: figs/p77_1.png  used on input line 1247.
(pdftex.def)             Requested size: 382.64381pt x 62.68845pt.
<figs/p77_2.png, id=899, 459.7175pt x 122.4575pt>
File: figs/p77_2.png Graphic file (type png)
<use figs/p77_2.png>
Package pdftex.def Info: figs/p77_2.png  used on input line 1248.
(pdftex.def)             Requested size: 382.65971pt x 101.93117pt.
<figs/p77_3.png, id=900, 724.7075pt x 178.6675pt>
File: figs/p77_3.png Graphic file (type png)
<use figs/p77_3.png>
Package pdftex.def Info: figs/p77_3.png  used on input line 1249.
(pdftex.def)             Requested size: 382.64453pt x 94.33618pt.
<figs/p77_4.png, id=901, 763.85374pt x 207.77625pt>
File: figs/p77_4.png Graphic file (type png)
<use figs/p77_4.png>
Package pdftex.def Info: figs/p77_4.png  used on input line 1250.
(pdftex.def)             Requested size: 382.6369pt x 104.08125pt.


[65 <./figs/p77_1.png (PNG copy)> <./figs/p77_2.png (PNG copy)> <./figs/p77_3.png (PNG copy)>]
<figs/p78_1.png, id=906, 759.83875pt x 379.4175pt>
File: figs/p78_1.png Graphic file (type png)
<use figs/p78_1.png>
Package pdftex.def Info: figs/p78_1.png  used on input line 1261.
(pdftex.def)             Requested size: 382.64307pt x 191.06879pt.
<figs/p78_2.png, id=907, 218.8175pt x 84.315pt>
File: figs/p78_2.png Graphic file (type png)
<use figs/p78_2.png>
Package pdftex.def Info: figs/p78_2.png  used on input line 1262.
(pdftex.def)             Requested size: 382.64252pt x 147.4402pt.


[66 <./figs/p77_4.png (PNG copy)> <./figs/p78_1.png (PNG copy)>]
<figs/p79_1.png, id=913, 729.72626pt x 107.40125pt>
File: figs/p79_1.png Graphic file (type png)
<use figs/p79_1.png>
Package pdftex.def Info: figs/p79_1.png  used on input line 1272.
(pdftex.def)             Requested size: 382.63324pt x 56.31601pt.


[67 <./figs/p78_2.png (PNG copy)> <./figs/p79_1.png (PNG copy)>]
<figs/p80_1.png, id=918, 765.86125pt x 92.345pt>
File: figs/p80_1.png Graphic file (type png)
<use figs/p80_1.png>
Package pdftex.def Info: figs/p80_1.png  used on input line 1291.
(pdftex.def)             Requested size: 382.63753pt x 46.13715pt.
<figs/p80_2.png, id=919, 759.83875pt x 532.99126pt>
File: figs/p80_2.png Graphic file (type png)
<use figs/p80_2.png>
Package pdftex.def Info: figs/p80_2.png  used on input line 1292.
(pdftex.def)             Requested size: 382.64307pt x 268.40617pt.
<figs/p81_1.png, id=920, 758.835pt x 231.86626pt>
File: figs/p81_1.png Graphic file (type png)
<use figs/p81_1.png>
Package pdftex.def Info: figs/p81_1.png  used on input line 1304.
(pdftex.def)             Requested size: 382.6355pt x 116.9164pt.


[68 <./figs/p80_1.png (PNG copy)> <./figs/p80_2.png (PNG copy)>]
<figs/p81_2.png, id=925, 334.24875pt x 166.6225pt>
File: figs/p81_2.png Graphic file (type png)
<use figs/p81_2.png>
Package pdftex.def Info: figs/p81_2.png  used on input line 1305.
(pdftex.def)             Requested size: 195.9861pt x 97.69876pt.


[69 <./figs/p81_1.png (PNG copy)> <./figs/p81_2.png (PNG copy)>]
Chapter 11.
<figs/p82_1.png, id=930, 761.84625pt x 337.26pt>
File: figs/p82_1.png Graphic file (type png)
<use figs/p82_1.png>
Package pdftex.def Info: figs/p82_1.png  used on input line 1315.
(pdftex.def)             Requested size: 382.63104pt x 169.38606pt.


[70

 <./figs/p82_1.png (PNG copy)>]
Appendix A.


[71

]

[72]

[73]
Overfull \hbox (2.10179pt too wide) in paragraph at lines 1467--1468
[]\T1/lmr/bx/n/10.95 Ultimo IP valido $\OT1/lmr/m/n/10.95 =$ \T1/lmr/m/n/10.95 broad-cast $\OMS/lmsy/m/n/10.95 ^^@\OT1/lmr/m/n/10.95 1 = 131\OML/lmm/m/it/10.95 :\OT1/lmr/m/n/10.95 118\OML/lmm/m/it/10.95 :\OT1/lmr/m/n/10.95 127\OML/lmm/m/it/10.95 :\OT1/lmr/m/n/10.95 254$ \T1/lmr/m/n/10.95 (di solito as-seg-nato al router/gateway). 
 []

<figs/rete.png, id=958, 1039.885pt x 514.92375pt>
File: figs/rete.png Graphic file (type png)
<use figs/rete.png>
Package pdftex.def Info: figs/rete.png  used on input line 1474.
(pdftex.def)             Requested size: 373.2952pt x 184.84598pt.


[74]

[75 <./figs/rete.png>]
Overfull \hbox (0.6277pt too wide) in paragraph at lines 1525--1527
[]\T1/lmr/bx/n/10.95 Subnet A2 (max 29 host $\OMS/lmsy/m/n/10.95 ) \OML/lmm/m/it/10.95 =\OT1/lmr/m/n/10.95 27$\T1/lmr/bx/n/10.95 ): \T1/lmr/m/n/10.95 In-izia subito dopo A1, a par-tire da $\OT1/lmr/m/n/10.95 10\OML/lmm/m/it/10.95 :\OT1/lmr/m/n/10.95 24\OML/lmm/m/it/10.95 :\OT1/lmr/m/n/10.95 140\OML/lmm/m/it/10.95 :\OT1/lmr/m/n/10.95 64\OML/lmm/m/it/10.95 =\OT1/lmr/m/n/10.95 27$\T1/lmr/m/n/10.95 . 
 []

LaTeX Font Info:    External font `lmex10' loaded for size
(Font)              <10> on input line 1536.
LaTeX Font Info:    External font `lmex10' loaded for size
(Font)              <7> on input line 1536.


[76]

[77]
<figs/NAT.png, id=988, 1074.0125pt x 592.2125pt>
File: figs/NAT.png Graphic file (type png)
<use figs/NAT.png>
Package pdftex.def Info: figs/NAT.png  used on input line 1693.
(pdftex.def)             Requested size: 466.61809pt x 257.29408pt.


[78]

[79 <./figs/NAT.png>]
Overfull \hbox (4.5318pt too wide) in paragraph at lines 1720--1721
[]\T1/lmr/bx/n/10.95 Parità in-cro-ci-ata\T1/lmr/m/n/10.95 : disponi i byte in ma-trice, cal-cola i bit di par-ità riga/colonna; l'intersezione
 []



[80]
<figs/dj.png, id=1026, 817.0525pt x 410.53375pt>
File: figs/dj.png Graphic file (type png)
<use figs/dj.png>
Package pdftex.def Info: figs/dj.png  used on input line 1779.
(pdftex.def)             Requested size: 466.63487pt x 234.46396pt.


[81 <./figs/dj.png>]

[82] (./main.aux)
 ***********
LaTeX2e <2024-11-01> patch level 2
L3 programming layer <2025-01-18>
 ***********
Package rerunfilecheck Info: File `main.out' has not changed.
(rerunfilecheck)             Checksum: D603773674D096B062C2466B45768DB4;22226.
 ) 
Here is how much of TeX's memory you used:
 13696 strings out of 473197
 210982 string characters out of 5718606
 622994 words of memory out of 5000000
 36471 multiletter control sequences out of 15000+600000
 657652 words of font info for 100 fonts, out of 8000000 for 9000
 1141 hyphenation exceptions out of 8191
 69i,17n,79p,1240b,646s stack positions out of 10000i,1000n,20000p,200000b,200000s
</usr/share/texmf/fonts/type1/public/lm/lmbx10.pfb></usr/share/texmf/fonts/type1/public/lm/lmbx12.pfb></usr/share/texmf/fonts/type1/public/lm/lmbx9.pfb></usr/share/texmf/fonts/type1/public/lm/lmex10.pfb></usr/share/texmf/fonts/type1/public/lm/lmmi10.pfb></usr/share/texmf/fonts/type1/public/lm/lmmi6.pfb></usr/share/texmf/fonts/type1/public/lm/lmmi8.pfb></usr/share/texmf/fonts/type1/public/lm/lmmi9.pfb></usr/share/texmf/fonts/type1/public/lm/lmr10.pfb></usr/share/texmf/fonts/type1/public/lm/lmr12.pfb></usr/share/texmf/fonts/type1/public/lm/lmr6.pfb></usr/share/texmf/fonts/type1/public/lm/lmr8.pfb></usr/share/texmf/fonts/type1/public/lm/lmr9.pfb></usr/share/texmf/fonts/type1/public/lm/lmri10.pfb></usr/share/texmf/fonts/type1/public/lm/lmri9.pfb></usr/share/texmf/fonts/type1/public/lm/lmsy10.pfb></usr/share/texmf/fonts/type1/public/lm/lmsy8.pfb></usr/share/texmf/fonts/type1/public/lm/lmsy9.pfb></usr/share/texmf/fonts/type1/public/lm/lmtt10.pfb>
Output written on main.pdf (83 pages, 15061888 bytes).
PDF statistics:
 1199 PDF objects out of 1200 (max. 8388607)
 956 compressed objects within 10 object streams
 251 named destinations out of 1000 (max. 500000)
 1264 words of extra memory for PDF output out of 10000 (max. 10000000)

